Component: ARM Compiler 5.06 update 7 (build 960) Tool: armlink [4d3601]

==============================================================================

Section Cross References

    startup_stm32f103xb.o(STACK) refers (Special) to heapauxi.o(.text) for __use_two_region_memory
    startup_stm32f103xb.o(HEAP) refers (Special) to heapauxi.o(.text) for __use_two_region_memory
    startup_stm32f103xb.o(RESET) refers (Special) to heapauxi.o(.text) for __use_two_region_memory
    startup_stm32f103xb.o(RESET) refers to startup_stm32f103xb.o(STACK) for __initial_sp
    startup_stm32f103xb.o(RESET) refers to startup_stm32f103xb.o(.text) for Reset_Handler
    startup_stm32f103xb.o(RESET) refers to stm32f1xx_it.o(i.NMI_Handler) for NMI_Handler
    startup_stm32f103xb.o(RESET) refers to stm32f1xx_it.o(i.HardFault_Handler) for HardFault_Handler
    startup_stm32f103xb.o(RESET) refers to stm32f1xx_it.o(i.MemManage_Handler) for MemManage_Handler
    startup_stm32f103xb.o(RESET) refers to stm32f1xx_it.o(i.BusFault_Handler) for BusFault_Handler
    startup_stm32f103xb.o(RESET) refers to stm32f1xx_it.o(i.UsageFault_Handler) for UsageFault_Handler
    startup_stm32f103xb.o(RESET) refers to port.o(.emb_text) for SVC_Handler
    startup_stm32f103xb.o(RESET) refers to stm32f1xx_it.o(i.DebugMon_Handler) for DebugMon_Handler
    startup_stm32f103xb.o(RESET) refers to stm32f1xx_it.o(i.SysTick_Handler) for SysTick_Handler
    startup_stm32f103xb.o(RESET) refers to stm32f1xx_it.o(i.DMA1_Channel2_IRQHandler) for DMA1_Channel2_IRQHandler
    startup_stm32f103xb.o(RESET) refers to stm32f1xx_it.o(i.DMA1_Channel3_IRQHandler) for DMA1_Channel3_IRQHandler
    startup_stm32f103xb.o(RESET) refers to stm32f1xx_it.o(i.DMA1_Channel4_IRQHandler) for DMA1_Channel4_IRQHandler
    startup_stm32f103xb.o(RESET) refers to stm32f1xx_it.o(i.DMA1_Channel5_IRQHandler) for DMA1_Channel5_IRQHandler
    startup_stm32f103xb.o(RESET) refers to stm32f1xx_it.o(i.USART1_IRQHandler) for USART1_IRQHandler
    startup_stm32f103xb.o(RESET) refers to stm32f1xx_it.o(i.USART3_IRQHandler) for USART3_IRQHandler
    startup_stm32f103xb.o(.text) refers (Special) to heapauxi.o(.text) for __use_two_region_memory
    startup_stm32f103xb.o(.text) refers to system_stm32f1xx.o(i.SystemInit) for SystemInit
    startup_stm32f103xb.o(.text) refers to __main.o(!!!main) for __main
    startup_stm32f103xb.o(.text) refers to startup_stm32f103xb.o(HEAP) for Heap_Mem
    startup_stm32f103xb.o(.text) refers to startup_stm32f103xb.o(STACK) for Stack_Mem
    main.o(i.SystemClock_Config) refers to rt_memclr_w.o(.text) for __aeabi_memclr4
    main.o(i.SystemClock_Config) refers to stm32f1xx_hal_rcc.o(i.HAL_RCC_OscConfig) for HAL_RCC_OscConfig
    main.o(i.SystemClock_Config) refers to main.o(i.Error_Handler) for Error_Handler
    main.o(i.SystemClock_Config) refers to stm32f1xx_hal_rcc.o(i.HAL_RCC_ClockConfig) for HAL_RCC_ClockConfig
    main.o(i.main) refers to stm32f1xx_hal.o(i.HAL_Init) for HAL_Init
    main.o(i.main) refers to main.o(i.SystemClock_Config) for SystemClock_Config
    main.o(i.main) refers to gpio.o(i.MX_GPIO_Init) for MX_GPIO_Init
    main.o(i.main) refers to dma.o(i.MX_DMA_Init) for MX_DMA_Init
    main.o(i.main) refers to tim.o(i.MX_TIM2_Init) for MX_TIM2_Init
    main.o(i.main) refers to tim.o(i.MX_TIM3_Init) for MX_TIM3_Init
    main.o(i.main) refers to tim.o(i.MX_TIM4_Init) for MX_TIM4_Init
    main.o(i.main) refers to usart.o(i.MX_USART1_UART_Init) for MX_USART1_UART_Init
    main.o(i.main) refers to usart.o(i.MX_USART3_UART_Init) for MX_USART3_UART_Init
    main.o(i.main) refers to servo.o(i.Servo_Init) for Servo_Init
    main.o(i.main) refers to uart.o(i.uart_printf) for uart_printf
    main.o(i.main) refers to cmsis_os2.o(i.osKernelInitialize) for osKernelInitialize
    main.o(i.main) refers to freertos.o(i.MX_FREERTOS_Init) for MX_FREERTOS_Init
    main.o(i.main) refers to cmsis_os2.o(i.osKernelStart) for osKernelStart
    main.o(i.main) refers to usart.o(.bss) for huart1
    gpio.o(i.MX_GPIO_Init) refers to stm32f1xx_hal_gpio.o(i.HAL_GPIO_WritePin) for HAL_GPIO_WritePin
    gpio.o(i.MX_GPIO_Init) refers to stm32f1xx_hal_gpio.o(i.HAL_GPIO_Init) for HAL_GPIO_Init
    freertos.o(i.LED_Timer0_Callback) refers to stm32f1xx_hal_gpio.o(i.HAL_GPIO_TogglePin) for HAL_GPIO_TogglePin
    freertos.o(i.MX_FREERTOS_Init) refers to cmsis_os2.o(i.osSemaphoreNew) for osSemaphoreNew
    freertos.o(i.MX_FREERTOS_Init) refers to cmsis_os2.o(i.osTimerNew) for osTimerNew
    freertos.o(i.MX_FREERTOS_Init) refers to cmsis_os2.o(i.osMessageQueueNew) for osMessageQueueNew
    freertos.o(i.MX_FREERTOS_Init) refers to cmsis_os2.o(i.osThreadNew) for osThreadNew
    freertos.o(i.MX_FREERTOS_Init) refers to freertos.o(.constdata) for UART_RX_Finsh_attributes
    freertos.o(i.MX_FREERTOS_Init) refers to freertos.o(.data) for UART_RX_FinshHandle
    freertos.o(i.MX_FREERTOS_Init) refers to freertos.o(i.LED_Timer0_Callback) for LED_Timer0_Callback
[...]
    __rt_exit_exit                           0x0800022d   Thumb Code     0  rtexit2.o(.ARM.Collect$$rtexit$$00000004)
    SVC_Handler                              0x08000235   Thumb Code    32  port.o(.emb_text)
    __asm___6_port_c_39a90d8d__prvStartFirstTask 0x08000259   Thumb Code    28  port.o(.emb_text)
    PendSV_Handler                           0x08000279   Thumb Code    72  port.o(.emb_text)
    vPortGetIPSR                             0x080002c5   Thumb Code     6  port.o(.emb_text)
    Reset_Handler                            0x080002cd   Thumb Code     8  startup_stm32f103xb.o(.text)
    ADC1_2_IRQHandler                        0x080002e7   Thumb Code     0  startup_stm32f103xb.o(.text)
    CAN1_RX1_IRQHandler                      0x080002e7   Thumb Code     0  startup_stm32f103xb.o(.text)
    CAN1_SCE_IRQHandler                      0x080002e7   Thumb Code     0  startup_stm32f103xb.o(.text)
    DMA1_Channel1_IRQHandler                 0x080002e7   Thumb Code     0  startup_stm32f103xb.o(.text)
    DMA1_Channel6_IRQHandler                 0x080002e7   Thumb Code     0  startup_stm32f103xb.o(.text)
    DMA1_Channel7_IRQHandler                 0x080002e7   Thumb Code     0  startup_stm32f103xb.o(.text)
    EXTI0_IRQHandler                         0x080002e7   Thumb Code     0  startup_stm32f103xb.o(.text)
    EXTI15_10_IRQHandler                     0x080002e7   Thumb Code     0  startup_stm32f103xb.o(.text)
    EXTI1_IRQHandler                         0x080002e7   Thumb Code     0  startup_stm32f103xb.o(.text)
    EXTI2_IRQHandler                         0x080002e7   Thumb Code     0  startup_stm32f103xb.o(.text)
    EXTI3_IRQHandler                         0x080002e7   Thumb Code     0  startup_stm32f103xb.o(.text)
    EXTI4_IRQHandler                         0x080002e7   Thumb Code     0  startup_stm32f103xb.o(.text)
    EXTI9_5_IRQHandler                       0x080002e7   Thumb Code     0  startup_stm32f103xb.o(.text)
    FLASH_IRQHandler                         0x080002e7   Thumb Code     0  startup_stm32f103xb.o(.text)
    I2C1_ER_IRQHandler                       0x080002e7   Thumb Code     0  startup_stm32f103xb.o(.text)
    I2C1_EV_IRQHandler                       0x080002e7   Thumb Code     0  startup_stm32f103xb.o(.text)
    I2C2_ER_IRQHandler                       0x080002e7   Thumb Code     0  startup_stm32f103xb.o(.text)
    I2C2_EV_IRQHandler                       0x080002e7   Thumb Code     0  startup_stm32f103xb.o(.text)
    PVD_IRQHandler                           0x080002e7   Thumb Code     0  startup_stm32f103xb.o(.text)
    RCC_IRQHandler                           0x080002e7   Thumb Code     0  startup_stm32f103xb.o(.text)
    RTC_Alarm_IRQHandler                     0x080002e7   Thumb Code     0  startup_stm32f103xb.o(.text)
    RTC_IRQHandler                           0x080002e7   Thumb Code     0  startup_stm32f103xb.o(.text)
    SPI1_IRQHandler                          0x080002e7   Thumb Code     0  startup_stm32f103xb.o(.text)
    SPI2_IRQHandler                          0x080002e7   Thumb Code     0  startup_stm32f103xb.o(.text)
    TAMPER_IRQHandler                        0x080002e7   Thumb Code     0  startup_stm32f103xb.o(.text)
    TIM1_BRK_IRQHandler                      0x080002e7   Thumb Code     0  startup_stm32f103xb.o(.text)
    TIM1_CC_IRQHandler                       0x080002e7   Thumb Code     0  startup_stm32f103xb.o(.text)
    TIM1_TRG_COM_IRQHandler                  0x080002e7   Thumb Code     0  startup_stm32f103xb.o(.text)
    TIM1_UP_IRQHandler                       0x080002e7   Thumb Code     0  startup_stm32f103xb.o(.text)
    TIM2_IRQHandler                          0x080002e7   Thumb Code     0  startup_stm32f103xb.o(.text)
    TIM3_IRQHandler                          0x080002e7   Thumb Code     0  startup_stm32f103xb.o(.text)
    TIM4_IRQHandler                          0x080002e7   Thumb Code     0  startup_stm32f103xb.o(.text)
    USART2_IRQHandler                        0x080002e7   Thumb Code     0  startup_stm32f103xb.o(.text)
    USBWakeUp_IRQHandler                     0x080002e7   Thumb Code     0  startup_stm32f103xb.o(.text)
    USB_HP_CAN1_TX_IRQHandler                0x080002e7   Thumb Code     0  startup_stm32f103xb.o(.text)
    USB_LP_CAN1_RX0_IRQHandler               0x080002e7   Thumb Code     0  startup_stm32f103xb.o(.text)
    WWDG_IRQHandler                          0x080002e7   Thumb Code     0  startup_stm32f103xb.o(.text)
    __user_initial_stackheap                 0x080002e9   Thumb Code     0  startup_stm32f103xb.o(.text)
    vsprintf                                 0x0800030d   Thumb Code    32  vsprintf.o(.text)
    __aeabi_memcpy                           0x08000331   Thumb Code     0  rt_memcpy_v6.o(.text)
    __rt_memcpy                              0x08000331   Thumb Code   138  rt_memcpy_v6.o(.text)
    _memcpy_lastbytes                        0x08000397   Thumb Code     0  rt_memcpy_v6.o(.text)
    __aeabi_memset                           0x080003bb   Thumb Code    16  aeabi_memset.o(.text)
    __aeabi_memclr4                          0x080003cb   Thumb Code     0  rt_memclr_w.o(.text)
    __aeabi_memclr8                          0x080003cb   Thumb Code     0  rt_memclr_w.o(.text)
    __rt_memclr_w                            0x080003cb   Thumb Code    78  rt_memclr_w.o(.text)
    _memset_w                                0x080003cf   Thumb Code     0  rt_memclr_w.o(.text)
    __use_two_region_memory                  0x08000419   Thumb Code     2  heapauxi.o(.text)
    __rt_heap_escrow$2region                 0x0800041b   Thumb Code     2  heapauxi.o(.text)
    __rt_heap_expand$2region                 0x0800041d   Thumb Code     2  heapauxi.o(.text)
    _printf_pre_padding                      0x0800041f   Thumb Code    44  _printf_pad.o(.text)
    _printf_post_padding                     0x0800044b   Thumb Code    34  _printf_pad.o(.text)
    _printf_truncate_signed                  0x0800046d   Thumb Code    18  _printf_truncate.o(.text)
    _printf_truncate_unsigned                0x0800047f   Thumb Code    18  _printf_truncate.o(.text)
    _printf_str                              0x08000491   Thumb Code    82  _printf_str.o(.text)
    _printf_int_dec                          0x080004e5   Thumb Code   104  _printf_dec.o(.text)
    _printf_charcount                        0x0800055d   Thumb Code    40  _printf_charcount.o(.text)
    _printf_char_common                      0x0800058f   Thumb Code    32  _printf_char_common.o(.text)
    _sputc                                   0x080005b5   Thumb Code    10  _sputc.o(.text)
    _printf_wctomb                           0x080005c1   Thumb Code   182  _printf_wctomb.o(.text)
    _printf_longlong_dec                     0x0800067d   Thumb Code   108  _printf_longlong_dec.o(.text)
    _printf_longlong_oct                     0x080006f9   Thumb Code    66  _printf_oct_int_ll.o(.text)
    _printf_int_oct                          0x0800073b   Thumb Code    24  _printf_oct_int_ll.o(.text)
    _printf_ll_oct                           0x08000753   Thumb Code    12  _printf_oct_int_ll.o(.text)
    _printf_longlong_hex                     0x08000769   Thumb Code    86  _printf_hex_int_ll_ptr.o(.text)
    _printf_int_hex                          0x080007bf   Thumb Code    28  _printf_hex_int_ll_ptr.o(.text)
    _printf_ll_hex                           0x080007db   Thumb Code    12  _printf_hex_int_ll_ptr.o(.text)
    _printf_hex_ptr                          0x080007e7   Thumb Code    18  _printf_hex_int_ll_ptr.o(.text)
    __printf                                 0x080007fd   Thumb Code   388  __printf_flags_ss_wp.o(.text)
    __aeabi_memcpy4                          0x08000985   Thumb Code     0  rt_memcpy_w.o(.text)
    __aeabi_memcpy8                          0x08000985   Thumb Code     0  rt_memcpy_w.o(.text)
    __rt_memcpy_w                            0x08000985   Thumb Code   100  rt_memcpy_w.o(.text)
    _memcpy_lastbytes_aligned                0x080009cd   Thumb Code     0  rt_memcpy_w.o(.text)
    __aeabi_memclr                           0x080009e9   Thumb Code     0  rt_memclr.o(.text)
    __rt_memclr                              0x080009e9   Thumb Code    68  rt_memclr.o(.text)
    _memset                                  0x080009ed   Thumb Code     0  rt_memclr.o(.text)
    _ll_udiv10                               0x08000a2d   Thumb Code   138  lludiv10.o(.text)
    _printf_int_common                       0x08000ab7   Thumb Code   178  _printf_intcommon.o(.text)
    __lib_sel_fp_printf                      0x08000b69   Thumb Code     2  _printf_fp_dec.o(.text)
    _printf_fp_dec_real                      0x08000d1b   Thumb Code   620  _printf_fp_dec.o(.text)
    _printf_fp_hex_real                      0x08000f89   Thumb Code   756  _printf_fp_hex.o(.text)
    _printf_cs_common                        0x08001285   Thumb Code    20  _printf_char.o(.text)
    _printf_char                             0x08001299   Thumb Code    16  _printf_char.o(.text)
    _printf_string                           0x080012a9   Thumb Code     8  _printf_char.o(.text)
    _printf_lcs_common                       0x080012b1   Thumb Code    20  _printf_wchar.o(.text)
    _printf_wchar                            0x080012c5   Thumb Code    16  _printf_wchar.o(.text)
    _printf_wstring                          0x080012d5   Thumb Code     8  _printf_wchar.o(.text)
    _wcrtomb                                 0x080012dd   Thumb Code    64  _wcrtomb.o(.text)
    __user_setup_stackheap                   0x0800131d   Thumb Code    74  sys_stackheap_outer.o(.text)
    __rt_ctype_table                         0x08001369   Thumb Code    16  rt_ctype_table.o(.text)
    __rt_locale                              0x08001379   Thumb Code     8  rt_locale_intlibspace.o(.text)
    _printf_fp_infnan                        0x08001381   Thumb Code   112  _printf_fp_infnan.o(.text)
    _btod_etento                             0x08001401   Thumb Code   224  bigflt0.o(.text)
    exit                                     0x080014e5   Thumb Code    18  exit.o(.text)
    __user_libspace                          0x080014f9   Thumb Code     8  libspace.o(.text)
    __user_perproc_libspace                  0x080014f9   Thumb Code     0  libspace.o(.text)
    __user_perthread_libspace                0x080014f9   Thumb Code     0  libspace.o(.text)
    strcmp                                   0x08001501   Thumb Code   128  strcmpv7m.o(.text)
    _sys_exit                                0x08001581   Thumb Code     8  sys_exit.o(.text)
    __I$use$semihosting                      0x0800158d   Thumb Code     0  use_no_semi.o(.text)
    __use_no_semihosting_swi                 0x0800158d   Thumb Code     2  use_no_semi.o(.text)
    __semihosting_library_function           0x0800158f   Thumb Code     0  indicate_semi.o(.text)
    _btod_d2e                                0x0800158f   Thumb Code    62  btod.o(CL$$btod_d2e)
    _d2e_denorm_low                          0x080015cd   Thumb Code    70  btod.o(CL$$btod_d2e_denorm_low)
    _d2e_norm_op1                            0x08001613   Thumb Code    96  btod.o(CL$$btod_d2e_norm_op1)
    __btod_div_common                        0x08001673   Thumb Code   696  btod.o(CL$$btod_div_common)
    _e2e                                     0x080019ab   Thumb Code   220  btod.o(CL$$btod_e2e)
    _btod_ediv                               0x08001a87   Thumb Code    42  btod.o(CL$$btod_ediv)
    _btod_emul                               0x08001ab1   Thumb Code    42  btod.o(CL$$btod_emul)
    __btod_mult_common                       0x08001adb   Thumb Code   580  btod.o(CL$$btod_mult_common)
    BusFault_Handler                         0x08001d1f   Thumb Code     4  stm32f1xx_it.o(i.BusFault_Handler)
    DMA1_Channel2_IRQHandler                 0x08001d25   Thumb Code    10  stm32f1xx_it.o(i.DMA1_Channel2_IRQHandler)
    DMA1_Channel3_IRQHandler                 0x08001d35   Thumb Code    10  stm32f1xx_it.o(i.DMA1_Channel3_IRQHandler)
    DMA1_Channel4_IRQHandler                 0x08001d45   Thumb Code    42  stm32f1xx_it.o(i.DMA1_Channel4_IRQHandler)
    DMA1_Channel5_IRQHandler                 0x08001d75   Thumb Code    42  stm32f1xx_it.o(i.DMA1_Channel5_IRQHandler)
    DebugMon_Handler                         0x08001dd1   Thumb Code     2  stm32f1xx_it.o(i.DebugMon_Handler)
    Error_Handler                            0x08001dd3   Thumb Code     6  main.o(i.Error_Handler)
    HAL_DMA_Abort                            0x08001dd9   Thumb Code    86  stm32f1xx_hal_dma.o(i.HAL_DMA_Abort)
    HAL_DMA_Abort_IT                         0x08001e31   Thumb Code   172  stm32f1xx_hal_dma.o(i.HAL_DMA_Abort_IT)
    HAL_DMA_IRQHandler                       0x08001ee1   Thumb Code   408  stm32f1xx_hal_dma.o(i.HAL_DMA_IRQHandler)
    HAL_DMA_Init                             0x0800207d   Thumb Code   100  stm32f1xx_hal_dma.o(i.HAL_DMA_Init)
    HAL_DMA_Start_IT                         0x080020e5   Thumb Code   156  stm32f1xx_hal_dma.o(i.HAL_DMA_Start_IT)
    HAL_GPIO_Init                            0x08002181   Thumb Code   766  stm32f1xx_hal_gpio.o(i.HAL_GPIO_Init)
    HAL_GPIO_TogglePin                       0x080024a1   Thumb Code    20  stm32f1xx_hal_gpio.o(i.HAL_GPIO_TogglePin)
    HAL_GPIO_WritePin                        0x080024b5   Thumb Code    12  stm32f1xx_hal_gpio.o(i.HAL_GPIO_WritePin)
    HAL_GetTick                              0x080024c1   Thumb Code     6  stm32f1xx_hal.o(i.HAL_GetTick)
    HAL_Init                                 0x080024cd   Thumb Code    34  stm32f1xx_hal.o(i.HAL_Init)
    HAL_InitTick                             0x080024f5   Thumb Code    64  stm32f1xx_hal.o(i.HAL_InitTick)
    HAL_MspInit                              0x08002541   Thumb Code    86  stm32f1xx_hal_msp.o(i.HAL_MspInit)
    HAL_NVIC_EnableIRQ                       0x080025a1   Thumb Code    32  stm32f1xx_hal_cortex.o(i.HAL_NVIC_EnableIRQ)
    HAL_NVIC_SetPriority                     0x080025c1   Thumb Code   124  stm32f1xx_hal_cortex.o(i.HAL_NVIC_SetPriority)
    HAL_NVIC_SetPriorityGrouping             0x0800263d   Thumb Code    32  stm32f1xx_hal_cortex.o(i.HAL_NVIC_SetPriorityGrouping)
    HAL_RCC_ClockConfig                      0x08002665   Thumb Code   376  stm32f1xx_hal_rcc.o(i.HAL_RCC_ClockConfig)
    HAL_RCC_GetHCLKFreq                      0x080027f1   Thumb Code     6  stm32f1xx_hal_rcc.o(i.HAL_RCC_GetHCLKFreq)
    HAL_RCC_GetPCLK1Freq                     0x080027fd   Thumb Code    22  stm32f1xx_hal_rcc.o(i.HAL_RCC_GetPCLK1Freq)
    HAL_RCC_GetPCLK2Freq                     0x0800281d   Thumb Code    22  stm32f1xx_hal_rcc.o(i.HAL_RCC_GetPCLK2Freq)
    HAL_RCC_GetSysClockFreq                  0x0800283d   Thumb Code   116  stm32f1xx_hal_rcc.o(i.HAL_RCC_GetSysClockFreq)
    HAL_RCC_OscConfig                        0x080028d1   Thumb Code  1114  stm32f1xx_hal_rcc.o(i.HAL_RCC_OscConfig)
    HAL_SYSTICK_Config                       0x08002d35   Thumb Code    52  stm32f1xx_hal_cortex.o(i.HAL_SYSTICK_Config)
    HAL_TIMEx_MasterConfigSynchronization    0x08002d69   Thumb Code   118  stm32f1xx_hal_tim_ex.o(i.HAL_TIMEx_MasterConfigSynchronization)
    HAL_TIM_Base_Init                        0x08002ded   Thumb Code   102  stm32f1xx_hal_tim.o(i.HAL_TIM_Base_Init)
    HAL_TIM_Base_MspInit                     0x08002e55   Thumb Code   112  tim.o(i.HAL_TIM_Base_MspInit)
    HAL_TIM_ConfigClockSource                0x08002ed1   Thumb Code   264  stm32f1xx_hal_tim.o(i.HAL_TIM_ConfigClockSource)
    HAL_TIM_MspPostInit                      0x08002fd9   Thumb Code   228  tim.o(i.HAL_TIM_MspPostInit)
    HAL_TIM_PWM_ConfigChannel                0x080030d1   Thumb Code   252  stm32f1xx_hal_tim.o(i.HAL_TIM_PWM_ConfigChannel)
    HAL_TIM_PWM_Init                         0x080031cd   Thumb Code   102  stm32f1xx_hal_tim.o(i.HAL_TIM_PWM_Init)
    HAL_TIM_PWM_MspInit                      0x08003233   Thumb Code     2  stm32f1xx_hal_tim.o(i.HAL_TIM_PWM_MspInit)
    HAL_TIM_PWM_Start                        0x08003235   Thumb Code   198  stm32f1xx_hal_tim.o(i.HAL_TIM_PWM_Start)
    HAL_UARTEx_ReceiveToIdle_DMA             0x08003309   Thumb Code   114  stm32f1xx_hal_uart.o(i.HAL_UARTEx_ReceiveToIdle_DMA)
    HAL_UARTEx_RxEventCallback               0x0800337d   Thumb Code    66  uart.o(i.HAL_UARTEx_RxEventCallback)
    HAL_UART_ErrorCallback                   0x080033d9   Thumb Code     2  stm32f1xx_hal_uart.o(i.HAL_UART_ErrorCallback)
    HAL_UART_IRQHandler                      0x080033dd   Thumb Code   582  stm32f1xx_hal_uart.o(i.HAL_UART_IRQHandler)
    HAL_UART_Init                            0x08003629   Thumb Code   114  stm32f1xx_hal_uart.o(i.HAL_UART_Init)
    HAL_UART_MspInit                         0x0800369d   Thumb Code   482  usart.o(i.HAL_UART_MspInit)
    HAL_UART_RxCpltCallback                  0x080038a9   Thumb Code     2  stm32f1xx_hal_uart.o(i.HAL_UART_RxCpltCallback)
    HAL_UART_RxHalfCpltCallback              0x080038ab   Thumb Code     2  stm32f1xx_hal_uart.o(i.HAL_UART_RxHalfCpltCallback)
    HAL_UART_Transmit_DMA                    0x080038ad   Thumb Code   142  stm32f1xx_hal_uart.o(i.HAL_UART_Transmit_DMA)
    HAL_UART_TxCpltCallback                  0x08003949   Thumb Code     2  stm32f1xx_hal_uart.o(i.HAL_UART_TxCpltCallback)
    HAL_UART_TxHalfCpltCallback              0x0800394b   Thumb Code     2  stm32f1xx_hal_uart.o(i.HAL_UART_TxHalfCpltCallback)
    HardFault_Handler                        0x0800394d   Thumb Code     4  stm32f1xx_it.o(i.HardFault_Handler)
    LED_Timer0_Callback                      0x08003951   Thumb Code    16  freertos.o(i.LED_Timer0_Callback)
    MX_DMA_Init                              0x08003965   Thumb Code    96  dma.o(i.MX_DMA_Init)
    MX_FREERTOS_Init                         0x080039c9   Thumb Code   132  freertos.o(i.MX_FREERTOS_Init)
    MX_GPIO_Init                             0x08003aad   Thumb Code   156  gpio.o(i.MX_GPIO_Init)
    MX_TIM2_Init                             0x08003b55   Thumb Code   158  tim.o(i.MX_TIM2_Init)
    MX_TIM3_Init                             0x08003bf9   Thumb Code   156  tim.o(i.MX_TIM3_Init)
    MX_TIM4_Init                             0x08003c9d   Thumb Code   204  tim.o(i.MX_TIM4_Init)
    MX_USART1_UART_Init                      0x08003d71   Thumb Code    46  usart.o(i.MX_USART1_UART_Init)
    MX_USART3_UART_Init                      0x08003da9   Thumb Code    46  usart.o(i.MX_USART3_UART_Init)
    MemManage_Handler                        0x08003de1   Thumb Code     4  stm32f1xx_it.o(i.MemManage_Handler)
    NMI_Handler                              0x08003de5   Thumb Code     4  stm32f1xx_it.o(i.NMI_Handler)
    Servo_Base_Control_0                     0x08003e11   Thumb Code    26  servo.o(i.Servo_Base_Control_0)
    Servo_Base_Control_1                     0x08003e31   Thumb Code    26  servo.o(i.Servo_Base_Control_1)
    Servo_Base_Control_2                     0x08003e51   Thumb Code    26  servo.o(i.Servo_Base_Control_2)
    Servo_Base_Control_3                     0x08003e71   Thumb Code    26  servo.o(i.Servo_Base_Control_3)
    Servo_Base_Control_4                     0x08003e91   Thumb Code    26  servo.o(i.Servo_Base_Control_4)
    Servo_Base_Control_5                     0x08003eb1   Thumb Code    26  servo.o(i.Servo_Base_Control_5)
    Servo_Control                            0x08003ed1   Thumb Code    42  servo.o(i.Servo_Control)
    Servo_Getdata                            0x08003efd   Thumb Code   134  servo.o(i.Servo_Getdata)
    Servo_Init                               0x08003f91   Thumb Code   126  servo.o(i.Servo_Init)
    Servo_SingleControl                      0x08004021   Thumb Code    72  servo.o(i.Servo_SingleControl)
    Servo_Task_Fun                           0x08004069   Thumb Code   116  app.o(i.Servo_Task_Fun)
    Servo_data_upload_Fun                    0x080040ed   Thumb Code    94  app.o(i.Servo_data_upload_Fun)
    StartDefaultTask                         0x08004159   Thumb Code    22  freertos.o(i.StartDefaultTask)
    SysTick_Handler                          0x08004175   Thumb Code    16  stm32f1xx_it.o(i.SysTick_Handler)
    SystemClock_Config                       0x08004185   Thumb Code   102  main.o(i.SystemClock_Config)
    SystemInit                               0x080041eb   Thumb Code     2  system_stm32f1xx.o(i.SystemInit)
    TIM_Base_SetConfig                       0x080041ed   Thumb Code   104  stm32f1xx_hal_tim.o(i.TIM_Base_SetConfig)
    TIM_CCxChannelCmd                        0x08004261   Thumb Code    34  stm32f1xx_hal_tim.o(i.TIM_CCxChannelCmd)
    TIM_ETR_SetConfig                        0x08004283   Thumb Code    22  stm32f1xx_hal_tim.o(i.TIM_ETR_SetConfig)
    TIM_OC2_SetConfig                        0x0800430d   Thumb Code   100  stm32f1xx_hal_tim.o(i.TIM_OC2_SetConfig)
    UART1_Start_Receive                      0x08004489   Thumb Code    14  uart.o(i.UART1_Start_Receive)
    UART3_Start_Receive                      0x080044a1   Thumb Code    14  uart.o(i.UART3_Start_Receive)
    UART_Start_Receive_DMA                   0x08004835   Thumb Code   138  stm32f1xx_hal_uart.o(i.UART_Start_Receive_DMA)
    USART1_IRQHandler                        0x0800492d   Thumb Code    42  stm32f1xx_it.o(i.USART1_IRQHandler)
    USART1_RX_Task_Fun                       0x0800495d   Thumb Code   370  app.o(i.USART1_RX_Task_Fun)
    USART3_IRQHandler                        0x08004ae5   Thumb Code    42  stm32f1xx_it.o(i.USART3_IRQHandler)
    UsageFault_Handler                       0x08004b15   Thumb Code     4  stm32f1xx_it.o(i.UsageFault_Handler)
    __ARM_fpclassify                         0x08004b19   Thumb Code    40  fpclassify.o(i.__ARM_fpclassify)
    _is_digit                                0x08004b8b   Thumb Code    14  __printf_wp.o(i._is_digit)
    cheak_sum                                0x08004b99   Thumb Code    86  uart.o(i.cheak_sum)
    convertToAngle                           0x08004bf1   Thumb Code    50  servo.o(i.convertToAngle)
    convertToAngle180                        0x08004c2d   Thumb Code    50  servo.o(i.convertToAngle180)
    convertToPulseTime                       0x08004c69   Thumb Code    90  servo.o(i.convertToPulseTime)
    convertToPulseTime180                    0x08004cd5   Thumb Code    58  servo.o(i.convertToPulseTime180)
    main                                     0x08004d1d   Thumb Code    64  main.o(i.main)
    osDelay                                  0x08004d6d   Thumb Code    50  cmsis_os2.o(i.osDelay)
    osKernelInitialize                       0x08004da5   Thumb Code    58  cmsis_os2.o(i.osKernelInitialize)
    osKernelStart                            0x08004de5   Thumb Code    64  cmsis_os2.o(i.osKernelStart)
    osMessageQueueGet                        0x08004e29   Thumb Code   144  cmsis_os2.o(i.osMessageQueueGet)
    osMessageQueueNew                        0x08004ec1   Thumb Code   180  cmsis_os2.o(i.osMessageQueueNew)
    osMessageQueuePut                        0x08004f79   Thumb Code   148  cmsis_os2.o(i.osMessageQueuePut)
    osSemaphoreAcquire                       0x08005015   Thumb Code   124  cmsis_os2.o(i.osSemaphoreAcquire)
    osSemaphoreNew                           0x08005099   Thumb Code   230  cmsis_os2.o(i.osSemaphoreNew)
    osSemaphoreRelease                       0x08005185   Thumb Code   108  cmsis_os2.o(i.osSemaphoreRelease)
    osThreadNew                              0x080051f9   Thumb Code   216  cmsis_os2.o(i.osThreadNew)
    osTimerNew                               0x080052d5   Thumb Code   194  cmsis_os2.o(i.osTimerNew)
    osTimerStart                             0x080053a1   Thumb Code    80  cmsis_os2.o(i.osTimerStart)
    pvPortMalloc                             0x08005e21   Thumb Code   296  heap_4.o(i.pvPortMalloc)
    pvTaskIncrementMutexHeldCount            0x08005f5d   Thumb Code    26  tasks.o(i.pvTaskIncrementMutexHeldCount)
    pvTimerGetTimerID                        0x08005f7d   Thumb Code    44  timers.o(i.pvTimerGetTimerID)
    pxPortInitialiseStack                    0x08005fa9   Thumb Code    30  port.o(i.pxPortInitialiseStack)
    servoRotateTask_Fun                      0x08005fcd   Thumb Code   310  app.o(i.servoRotateTask_Fun)
    uart_printf                              0x08006111   Thumb Code    62  uart.o(i.uart_printf)
    upload                                   0x08006151   Thumb Code    58  uart.o(i.upload)
    uxListRemove                             0x08006195   Thumb Code    40  list.o(i.uxListRemove)
    vApplicationGetIdleTaskMemory            0x080061bd   Thumb Code    14  cmsis_os2.o(i.vApplicationGetIdleTaskMemory)
    vApplicationGetTimerTaskMemory           0x080061d5   Thumb Code    16  cmsis_os2.o(i.vApplicationGetTimerTaskMemory)
    vListInitialise                          0x080061ed   Thumb Code    26  list.o(i.vListInitialise)
    vListInitialiseItem                      0x08006207   Thumb Code     6  list.o(i.vListInitialiseItem)
    vListInsert                              0x0800620d   Thumb Code    52  list.o(i.vListInsert)
    vListInsertEnd                           0x08006241   Thumb Code    24  list.o(i.vListInsertEnd)
    vPortEnterCritical                       0x08006259   Thumb Code    76  port.o(i.vPortEnterCritical)
    vPortExitCritical                        0x080062ad   Thumb Code    56  port.o(i.vPortExitCritical)
    vPortFree                                0x080062e9   Thumb Code   140  heap_4.o(i.vPortFree)
    vPortSetupTimerInterrupt                 0x0800637d   Thumb Code    36  port.o(i.vPortSetupTimerInterrupt)
    vPortValidateInterruptPriority           0x080063a5   Thumb Code   106  port.o(i.vPortValidateInterruptPriority)
    vQueueAddToRegistry                      0x0800641d   Thumb Code    38  queue.o(i.vQueueAddToRegistry)
    vQueueDelete                             0x08006449   Thumb Code    50  queue.o(i.vQueueDelete)
    vQueueUnregisterQueue                    0x0800647d   Thumb Code    44  queue.o(i.vQueueUnregisterQueue)
    vQueueWaitForMessageRestricted           0x080064ad   Thumb Code    74  queue.o(i.vQueueWaitForMessageRestricted)
    vTaskDelay                               0x080064f9   Thumb Code    82  tasks.o(i.vTaskDelay)
    vTaskInternalSetTimeOutState             0x08006555   Thumb Code    14  tasks.o(i.vTaskInternalSetTimeOutState)
    vTaskMissedYield                         0x0800656d   Thumb Code     8  tasks.o(i.vTaskMissedYield)
    vTaskPlaceOnEventList                    0x08006579   Thumb Code    52  tasks.o(i.vTaskPlaceOnEventList)
    vTaskPlaceOnEventListRestricted          0x080065b1   Thumb Code    60  tasks.o(i.vTaskPlaceOnEventListRestricted)
    vTaskPriorityDisinheritAfterTimeout      0x080065f1   Thumb Code   194  tasks.o(i.vTaskPriorityDisinheritAfterTimeout)
    vTaskStartScheduler                      0x080066c1   Thumb Code   156  tasks.o(i.vTaskStartScheduler)
    vTaskSuspendAll                          0x08006779   Thumb Code    12  tasks.o(i.vTaskSuspendAll)
    vTaskSwitchContext                       0x08006789   Thumb Code   122  tasks.o(i.vTaskSwitchContext)
    xPortStartScheduler                      0x08006819   Thumb Code   228  port.o(i.xPortStartScheduler)
    xPortSysTickHandler                      0x08006911   Thumb Code    46  port.o(i.xPortSysTickHandler)
    xQueueCreateCountingSemaphore            0x08006945   Thumb Code    92  queue.o(i.xQueueCreateCountingSemaphore)
    xQueueCreateCountingSemaphoreStatic      0x080069a1   Thumb Code   100  queue.o(i.xQueueCreateCountingSemaphoreStatic)
    xQueueGenericCreate                      0x08006a05   Thumb Code    94  queue.o(i.xQueueGenericCreate)
    xQueueGenericCreateStatic                0x08006a63   Thumb Code   222  queue.o(i.xQueueGenericCreateStatic)
    xQueueGenericReset                       0x08006b41   Thumb Code   146  queue.o(i.xQueueGenericReset)
    xQueueGenericSend                        0x08006bd9   Thumb Code   420  queue.o(i.xQueueGenericSend)
    xQueueGenericSendFromISR                 0x08006d81   Thumb Code   248  queue.o(i.xQueueGenericSendFromISR)
    xQueueGiveFromISR                        0x08006e79   Thumb Code   224  queue.o(i.xQueueGiveFromISR)
    xQueueReceive                            0x08006f59   Thumb Code   356  queue.o(i.xQueueReceive)
    xQueueReceiveFromISR                     0x080070c1   Thumb Code   202  queue.o(i.xQueueReceiveFromISR)
    xQueueSemaphoreTake                      0x0800718d   Thumb Code   434  queue.o(i.xQueueSemaphoreTake)
    xTaskCheckForTimeOut                     0x08007345   Thumb Code   132  tasks.o(i.xTaskCheckForTimeOut)
    xTaskCreate                              0x080073d1   Thumb Code   100  tasks.o(i.xTaskCreate)
    xTaskCreateStatic                        0x08007435   Thumb Code   184  tasks.o(i.xTaskCreateStatic)
    xTaskGetSchedulerState                   0x080074ed   Thumb Code    24  tasks.o(i.xTaskGetSchedulerState)
    xTaskGetTickCount                        0x0800750d   Thumb Code     6  tasks.o(i.xTaskGetTickCount)
    xTaskIncrementTick                       0x08007519   Thumb Code   280  tasks.o(i.xTaskIncrementTick)
    xTaskPriorityDisinherit                  0x0800765d   Thumb Code   152  tasks.o(i.xTaskPriorityDisinherit)
    xTaskPriorityInherit                     0x08007701   Thumb Code   150  tasks.o(i.xTaskPriorityInherit)
    xTaskRemoveFromEventList                 0x080077a5   Thumb Code   126  tasks.o(i.xTaskRemoveFromEventList)
    xTaskResumeAll                           0x0800783d   Thumb Code   222  tasks.o(i.xTaskResumeAll)
    xTimerCreate                             0x08007941   Thumb Code    54  timers.o(i.xTimerCreate)
    xTimerCreateStatic                       0x08007977   Thumb Code   112  timers.o(i.xTimerCreateStatic)
    xTimerCreateTimerTask                    0x080079e9   Thumb Code   100  timers.o(i.xTimerCreateTimerTask)
    xTimerGenericCommand                     0x08007a61   Thumb Code   128  timers.o(i.xTimerGenericCommand)
    _get_lc_numeric                          0x08007ae5   Thumb Code    44  lc_numeric_c.o(locale$$code)
    _get_lc_ctype                            0x08007b11   Thumb Code    44  lc_ctype_c.o(locale$$code)
    __aeabi_dadd                             0x08007b3d   Thumb Code     0  daddsub_clz.o(x$fpl$dadd)
    _dadd                                    0x08007b3d   Thumb Code   332  daddsub_clz.o(x$fpl$dadd)
    __aeabi_ddiv                             0x08007c8d   Thumb Code     0  ddiv.o(x$fpl$ddiv)
    _ddiv                                    0x08007c8d   Thumb Code   552  ddiv.o(x$fpl$ddiv)
    __aeabi_d2uiz                            0x08007f3d   Thumb Code     0  dfixu.o(x$fpl$dfixu)
    _dfixu                                   0x08007f3d   Thumb Code    90  dfixu.o(x$fpl$dfixu)
    __aeabi_i2d                              0x08007f97   Thumb Code     0  dflt_clz.o(x$fpl$dflt)
    _dflt                                    0x08007f97   Thumb Code    46  dflt_clz.o(x$fpl$dflt)
    __aeabi_dmul                             0x08007fc5   Thumb Code     0  dmul.o(x$fpl$dmul)
    _dmul                                    0x08007fc5   Thumb Code   332  dmul.o(x$fpl$dmul)
    __fpl_dnaninf                            0x08008119   Thumb Code   156  dnaninf.o(x$fpl$dnaninf)
    __fpl_dretinf                            0x080081b5   Thumb Code    12  dretinf.o(x$fpl$dretinf)
    __aeabi_dsub                             0x080081c1   Thumb Code     0  daddsub_clz.o(x$fpl$dsub)
    _dsub                                    0x080081c1   Thumb Code   464  daddsub_clz.o(x$fpl$dsub)
    __aeabi_f2d                              0x08008395   Thumb Code     0  f2d.o(x$fpl$f2d)
    _f2d                                     0x08008395   Thumb Code    86  f2d.o(x$fpl$f2d)
    __fpl_fcmp_Inf                           0x080083eb   Thumb Code    24  fcmpi.o(x$fpl$fcmpinf)
    __aeabi_ui2f                             0x08008405   Thumb Code     0  fflt_clz.o(x$fpl$ffltu)
    _ffltu                                   0x08008405   Thumb Code    38  fflt_clz.o(x$fpl$ffltu)
    __aeabi_cfcmple                          0x0800842d   Thumb Code     0  fleqf.o(x$fpl$fleqf)
    _fcmple                                  0x0800842d   Thumb Code   104  fleqf.o(x$fpl$fleqf)
    __fpl_fcmple_InfNaN                      0x0800847f   Thumb Code     0  fleqf.o(x$fpl$fleqf)
    __fpl_fnaninf                            0x08008495   Thumb Code   140  fnaninf.o(x$fpl$fnaninf)
    __aeabi_cfrcmple                         0x08008521   Thumb Code     0  frleqf.o(x$fpl$frleqf)
    _frcmple                                 0x08008521   Thumb Code    98  frleqf.o(x$fpl$frleqf)
    _printf_fp_dec                           0x08008583   Thumb Code     4  printf1.o(x$fpl$printf1)
    _printf_fp_hex                           0x08008587   Thumb Code     4  printf2.o(x$fpl$printf2)
    __I$use$fp                               0x0800858a   Number         0  usenofp.o(x$fpl$usenofp)
    defaultTask_attributes                   0x0800858c   Data          36  freertos.o(.constdata)
    Servo_Task_attributes                    0x080085b0   Data          36  freertos.o(.constdata)
    USART1_RX_Task_attributes                0x080085d4   Data          36  freertos.o(.constdata)
    Servo_data_uplo_attributes               0x080085f8   Data          36  freertos.o(.constdata)
    servoRotateTask_attributes               0x0800861c   Data          36  freertos.o(.constdata)
    Servo_Tx_Queue_attributes                0x08008640   Data          24  freertos.o(.constdata)
    LED_Timer0_attributes                    0x08008658   Data          16  freertos.o(.constdata)
    UART_RX_Finsh_attributes                 0x08008668   Data          16  freertos.o(.constdata)
    Servo_Control_attributes                 0x08008678   Data          16  freertos.o(.constdata)
    AHBPrescTable                            0x08008688   Data          16  system_stm32f1xx.o(.constdata)
    APBPrescTable                            0x08008698   Data           8  system_stm32f1xx.o(.constdata)
    Region$$Table$$Base                      0x08008820   Number         0  anon$$obj.o(Region$$Table)
    Region$$Table$$Limit                     0x08008840   Number         0  anon$$obj.o(Region$$Table)
    __ctype                                  0x08008869   Data           0  lc_ctype_c.o(locale$$data)
    defaultTaskHandle                        0x20000000   Data           4  freertos.o(.data)
    Servo_TaskHandle                         0x20000004   Data           4  freertos.o(.data)
    USART1_RX_TaskHandle                     0x20000008   Data           4  freertos.o(.data)
    Servo_data_uploHandle                    0x2000000c   Data           4  freertos.o(.data)
    servoRotateTaskHandle                    0x20000010   Data           4  freertos.o(.data)
    Servo_Tx_QueueHandle                     0x20000014   Data           4  freertos.o(.data)
    LED_Timer0Handle                         0x20000018   Data           4  freertos.o(.data)
    UART_RX_FinshHandle                      0x2000001c   Data           4  freertos.o(.data)
    Servo_ControlHandle                      0x20000020   Data           4  freertos.o(.data)
    uwTick                                   0x20000024   Data           4  stm32f1xx_hal.o(.data)
    uwTickPrio                               0x20000028   Data           4  stm32f1xx_hal.o(.data)
    uwTickFreq                               0x2000002c   Data           1  stm32f1xx_hal.o(.data)
    SystemCoreClock                          0x20000030   Data           4  system_stm32f1xx.o(.data)
    pxCurrentTCB                             0x20000034   Data           4  tasks.o(.data)
    finish                                   0x200000ac   Data           8  app.o(.data)
    UART_Number                              0x200000b4   Data           1  uart.o(.data)
    htim2                                    0x200000b8   Data          72  tim.o(.bss)
    htim3                                    0x20000100   Data          72  tim.o(.bss)
    htim4                                    0x20000148   Data          72  tim.o(.bss)
    huart1                                   0x20000190   Data          68  usart.o(.bss)
    huart3                                   0x200001d4   Data          68  usart.o(.bss)
    hdma_usart1_rx                           0x20000218   Data          68  usart.o(.bss)
    hdma_usart1_tx                           0x2000025c   Data          68  usart.o(.bss)
    hdma_usart3_rx                           0x200002a0   Data          68  usart.o(.bss)
    hdma_usart3_tx                           0x200002e4   Data          68  usart.o(.bss)
    xQueueRegistry                           0x20000328   Data          64  queue.o(.bss)
    servo_data                               0x200023fc   Data          24  app.o(.bss)
    UART1_FIFO                               0x20002414   Data         132  uart.o(.bss)
    UART3_FIFO                               0x20002498   Data         132  uart.o(.bss)
    __libspace_start                         0x2000251c   Data          96  libspace.o(.bss)
    __temporary_stack_top$libspace           0x2000257c   Data           0  libspace.o(.bss)



==============================================================================

Memory Map of the image

  Image Entry point : 0x080000ed

  Load Region LR_IROM1 (Base: 0x08000000, Size: 0x00008a24, Max: 0x00010000, ABSOLUTE)

    Execution Region ER_IROM1 (Exec base: 0x08000000, Load base: 0x08000000, Size: 0x0000896c, Max: 0x00010000, ABSOLUTE)

    Exec Addr    Load Addr    Size         Type   Attr      Idx    E Section Name        Object

    0x08000000   0x08000000   0x000000ec   Data   RO            3    RESET               startup_stm32f103xb.o
    0x080000ec   0x080000ec   0x00000008   Code   RO         4913  * !!!main             c_w.l(__main.o)
    0x080000f4   0x080000f4   0x00000034   Code   RO         5282    !!!scatter          c_w.l(__scatter.o)
    0x08000128   0x08000128   0x0000001a   Code   RO         5284    !!handler_copy      c_w.l(__scatter_copy.o)
    0x08000142   0x08000142   0x00000002   PAD
    0x08000144   0x08000144   0x0000001c   Code   RO         5286    !!handler_zi        c_w.l(__scatter_zi.o)
    0x08000160   0x08000160   0x00000000   Code   RO         5031    .ARM.Collect$$_printf_percent$$00000000  c_w.l(_printf_percent.o)
    0x08000160   0x08000160   0x00000006   Code   RO         5020    .ARM.Collect$$_printf_percent$$00000001  c_w.l(_printf_n.o)
    0x08000166   0x08000166   0x00000006   Code   RO         5022    .ARM.Collect$$_printf_percent$$00000002  c_w.l(_printf_p.o)
    0x0800016c   0x0800016c   0x00000006   Code   RO         5027    .ARM.Collect$$_printf_percent$$00000003  c_w.l(_printf_f.o)
    0x08000172   0x08000172   0x00000006   Code   RO         5028    .ARM.Collect$$_printf_percent$$00000004  c_w.l(_printf_e.o)
    0x08000178   0x08000178   0x00000006   Code   RO         5029    .ARM.Collect$$_printf_percent$$00000005  c_w.l(_printf_g.o)
    0x0800017e   0x0800017e   0x00000006   Code   RO         5030    .ARM.Collect$$_printf_percent$$00000006  c_w.l(_printf_a.o)
    0x08000184   0x08000184   0x0000000a   Code   RO         5035    .ARM.Collect$$_printf_percent$$00000007  c_w.l(_printf_ll.o)
    0x0800018e   0x0800018e   0x00000006   Code   RO         5024    .ARM.Collect$$_printf_percent$$00000008  c_w.l(_printf_i.o)
    0x08000194   0x08000194   0x00000006   Code   RO         5025    .ARM.Collect$$_printf_percent$$00000009  c_w.l(_printf_d.o)
    0x0800019a   0x0800019a   0x00000006   Code   RO         5026    .ARM.Collect$$_printf_percent$$0000000A  c_w.l(_printf_u.o)
    0x080001a0   0x080001a0   0x00000006   Code   RO         5023    .ARM.Collect$$_printf_percent$$0000000B  c_w.l(_printf_o.o)
    0x080001a6   0x080001a6   0x00000006   Code   RO         5021    .ARM.Collect$$_printf_percent$$0000000C  c_w.l(_printf_x.o)
    0x080001ac   0x080001ac   0x00000006   Code   RO         5032    .ARM.Collect$$_printf_percent$$0000000D  c_w.l(_printf_lli.o)
    0x080001b2   0x080001b2   0x00000006   Code   RO         5033    .ARM.Collect$$_printf_percent$$0000000E  c_w.l(_printf_lld.o)
    0x080001b8   0x080001b8   0x00000006   Code   RO         5034    .ARM.Collect$$_printf_percent$$0000000F  c_w.l(_printf_llu.o)
    0x080001be   0x080001be   0x00000006   Code   RO         5039    .ARM.Collect$$_printf_percent$$00000010  c_w.l(_printf_llo.o)
    0x080001c4   0x080001c4   0x00000006   Code   RO         5040    .ARM.Collect$$_printf_percent$$00000011  c_w.l(_printf_llx.o)
    0x080001ca   0x080001ca   0x0000000a   Code   RO         5036    .ARM.Collect$$_printf_percent$$00000012  c_w.l(_printf_l.o)
    0x080001d4   0x080001d4   0x00000006   Code   RO         5018    .ARM.Collect$$_printf_percent$$00000013  c_w.l(_printf_c.o)
    0x080001da   0x080001da   0x00000006   Code   RO         5019    .ARM.Collect$$_printf_percent$$00000014  c_w.l(_printf_s.o)
    0x080001e0   0x080001e0   0x00000006   Code   RO         5037    .ARM.Collect$$_printf_percent$$00000015  c_w.l(_printf_lc.o)
    0x080001e6   0x080001e6   0x00000006   Code   RO         5038    .ARM.Collect$$_printf_percent$$00000016  c_w.l(_printf_ls.o)
    0x080001ec   0x080001ec   0x00000004   Code   RO         5092    .ARM.Collect$$_printf_percent$$00000017  c_w.l(_printf_percent_end.o)
    0x080001f0   0x080001f0   0x00000002   Code   RO         5141    .ARM.Collect$$libinit$$00000000  c_w.l(libinit.o)
    0x080001f2   0x080001f2   0x00000000   Code   RO         5157    .ARM.Collect$$libinit$$00000002  c_w.l(libinit2.o)
    0x080001f2   0x080001f2   0x00000000   Code   RO         5159    .ARM.Collect$$libinit$$00000004  c_w.l(libinit2.o)
    0x080001f2   0x080001f2   0x00000000   Code   RO         5162    .ARM.Collect$$libinit$$0000000A  c_w.l(libinit2.o)
    0x080001f2   0x080001f2   0x00000000   Code   RO         5164    .ARM.Collect$$libinit$$0000000C  c_w.l(libinit2.o)
    0x080001f2   0x080001f2   0x00000000   Code   RO         5166    .ARM.Collect$$libinit$$0000000E  c_w.l(libinit2.o)
    0x080001f2   0x080001f2   0x00000006   Code   RO         5167    .ARM.Collect$$libinit$$0000000F  c_w.l(libinit2.o)
    0x080001f8   0x080001f8   0x00000000   Code   RO         5169    .ARM.Collect$$libinit$$00000011  c_w.l(libinit2.o)
    0x080001f8   0x080001f8   0x0000000c   Code   RO         5170    .ARM.Collect$$libinit$$00000012  c_w.l(libinit2.o)
    0x08000204   0x08000204   0x00000000   Code   RO         5171    .ARM.Collect$$libinit$$00000013  c_w.l(libinit2.o)
    0x08000204   0x08000204   0x00000000   Code   RO         5173    .ARM.Collect$$libinit$$00000015  c_w.l(libinit2.o)
    0x08000204   0x08000204   0x0000000a   Code   RO         5174    .ARM.Collect$$libinit$$00000016  c_w.l(libinit2.o)
    0x0800020e   0x0800020e   0x00000000   Code   RO         5175    .ARM.Collect$$libinit$$00000017  c_w.l(libinit2.o)
    0x0800020e   0x0800020e   0x00000000   Code   RO         5177    .ARM.Collect$$libinit$$00000019  c_w.l(libinit2.o)
    0x0800020e   0x0800020e   0x00000000   Code   RO         5179    .ARM.Collect$$libinit$$0000001B  c_w.l(libinit2.o)
    0x0800020e   0x0800020e   0x00000000   Code   RO         5181    .ARM.Collect$$libinit$$0000001D  c_w.l(libinit2.o)
    0x0800020e   0x0800020e   0x00000000   Code   RO         5183    .ARM.Collect$$libinit$$0000001F  c_w.l(libinit2.o)
    0x0800020e   0x0800020e   0x00000000   Code   RO         5185    .ARM.Collect$$libinit$$00000021  c_w.l(libinit2.o)
    0x0800020e   0x0800020e   0x00000000   Code   RO         5187    .ARM.Collect$$libinit$$00000023  c_w.l(libinit2.o)
    0x0800020e   0x0800020e   0x00000000   Code   RO         5189    .ARM.Collect$$libinit$$00000025  c_w.l(libinit2.o)
    0x0800020e   0x0800020e   0x00000000   Code   RO         5193    .ARM.Collect$$libinit$$0000002C  c_w.l(libinit2.o)
    0x0800020e   0x0800020e   0x00000000   Code   RO         5195    .ARM.Collect$$libinit$$0000002E  c_w.l(libinit2.o)
    0x0800020e   0x0800020e   0x00000000   Code   RO         5197    .ARM.Collect$$libinit$$00000030  c_w.l(libinit2.o)
    0x0800020e   0x0800020e   0x00000000   Code   RO         5199    .ARM.Collect$$libinit$$00000032  c_w.l(libinit2.o)
    0x0800020e   0x0800020e   0x00000002   Code   RO         5200    .ARM.Collect$$libinit$$00000033  c_w.l(libinit2.o)
    0x08000210   0x08000210   0x00000002   Code   RO         5220    .ARM.Collect$$libshutdown$$00000000  c_w.l(libshutdown.o)
    0x08000212   0x08000212   0x00000000   Code   RO         5233    .ARM.Collect$$libshutdown$$00000002  c_w.l(libshutdown2.o)
    0x08000212   0x08000212   0x00000000   Code   RO         5235    .ARM.Collect$$libshutdown$$00000004  c_w.l(libshutdown2.o)
    0x08000212   0x08000212   0x00000000   Code   RO         5237    .ARM.Collect$$libshutdown$$00000006  c_w.l(libshutdown2.o)
    0x08000212   0x08000212   0x00000000   Code   RO         5240    .ARM.Collect$$libshutdown$$00000009  c_w.l(libshutdown2.o)
    0x08000212   0x08000212   0x00000000   Code   RO         5243    .ARM.Collect$$libshutdown$$0000000C  c_w.l(libshutdown2.o)
    0x08000212   0x08000212   0x00000000   Code   RO         5245    .ARM.Collect$$libshutdown$$0000000E  c_w.l(libshutdown2.o)
    0x08000212   0x08000212   0x00000000   Code   RO         5248    .ARM.Collect$$libshutdown$$00000011  c_w.l(libshutdown2.o)
    0x08000212   0x08000212   0x00000002   Code   RO         5249    .ARM.Collect$$libshutdown$$00000012  c_w.l(libshutdown2.o)
    0x08000214   0x08000214   0x00000000   Code   RO         4949    .ARM.Collect$$rtentry$$00000000  c_w.l(__rtentry.o)
    0x08000214   0x08000214   0x00000000   Code   RO         5063    .ARM.Collect$$rtentry$$00000002  c_w.l(__rtentry2.o)
    0x08000214   0x08000214   0x00000006   Code   RO         5075    .ARM.Collect$$rtentry$$00000004  c_w.l(__rtentry4.o)
    0x0800021a   0x0800021a   0x00000000   Code   RO         5065    .ARM.Collect$$rtentry$$00000009  c_w.l(__rtentry2.o)
    0x0800021a   0x0800021a   0x00000004   Code   RO         5066    .ARM.Collect$$rtentry$$0000000A  c_w.l(__rtentry2.o)
    0x0800021e   0x0800021e   0x00000000   Code   RO         5068    .ARM.Collect$$rtentry$$0000000C  c_w.l(__rtentry2.o)
    0x0800021e   0x0800021e   0x00000008   Code   RO         5069    .ARM.Collect$$rtentry$$0000000D  c_w.l(__rtentry2.o)
    0x08000226   0x08000226   0x00000002   Code   RO         5149    .ARM.Collect$$rtexit$$00000000  c_w.l(rtexit.o)
    0x08000228   0x08000228   0x00000000   Code   RO         5202    .ARM.Collect$$rtexit$$00000002  c_w.l(rtexit2.o)
    0x08000228   0x08000228   0x00000004   Code   RO         5203    .ARM.Collect$$rtexit$$00000003  c_w.l(rtexit2.o)
    0x0800022c   0x0800022c   0x00000006   Code   RO         5204    .ARM.Collect$$rtexit$$00000004  c_w.l(rtexit2.o)
    0x08000232   0x08000232   0x00000002   PAD
    0x08000234   0x08000234   0x00000096   Code   RO         4580    .emb_text           port.o
    0x080002ca   0x080002ca   0x00000002   PAD
    0x080002cc   0x080002cc   0x00000040   Code   RO            4    .text               startup_stm32f103xb.o
    0x0800030c   0x0800030c   0x00000024   Code   RO         4901    .text               c_w.l(vsprintf.o)
    0x08000330   0x08000330   0x0000008a   Code   RO         4903    .text               c_w.l(rt_memcpy_v6.o)
    0x080003ba   0x080003ba   0x00000010   Code   RO         4907    .text               c_w.l(aeabi_memset.o)
    0x080003ca   0x080003ca   0x0000004e   Code   RO         4909    .text               c_w.l(rt_memclr_w.o)
    0x08000418   0x08000418   0x00000006   Code   RO         4911    .text               c_w.l(heapauxi.o)
    0x0800041e   0x0800041e   0x0000004e   Code   RO         4952    .text               c_w.l(_printf_pad.o)
    0x0800046c   0x0800046c   0x00000024   Code   RO         4954    .text               c_w.l(_printf_truncate.o)
    0x08000490   0x08000490   0x00000052   Code   RO         4956    .text               c_w.l(_printf_str.o)
    0x080004e2   0x080004e2   0x00000002   PAD
    0x080004e4   0x080004e4   0x00000078   Code   RO         4958    .text               c_w.l(_printf_dec.o)
    0x0800055c   0x0800055c   0x00000028   Code   RO         4960    .text               c_w.l(_printf_charcount.o)
    0x08000584   0x08000584   0x00000030   Code   RO         4962    .text               c_w.l(_printf_char_common.o)
    0x080005b4   0x080005b4   0x0000000a   Code   RO         4964    .text               c_w.l(_sputc.o)
    0x080005be   0x080005be   0x00000002   PAD
    0x080005c0   0x080005c0   0x000000bc   Code   RO         4966    .text               c_w.l(_printf_wctomb.o)
    0x0800067c   0x0800067c   0x0000007c   Code   RO         4969    .text               c_w.l(_printf_longlong_dec.o)
    0x080006f8   0x080006f8   0x00000070   Code   RO         4975    .text               c_w.l(_printf_oct_int_ll.o)
    0x08000768   0x08000768   0x00000094   Code   RO         4995    .text               c_w.l(_printf_hex_int_ll_ptr.o)
    0x080007fc   0x080007fc   0x00000188   Code   RO         5015    .text               c_w.l(__printf_flags_ss_wp.o)
    0x08000984   0x08000984   0x00000064   Code   RO         5041    .text               c_w.l(rt_memcpy_w.o)
    0x080009e8   0x080009e8   0x00000044   Code   RO         5043    .text               c_w.l(rt_memclr.o)
    0x08000a2c   0x08000a2c   0x0000008a   Code   RO         5077    .text               c_w.l(lludiv10.o)
    0x08000ab6   0x08000ab6   0x000000b2   Code   RO         5079    .text               c_w.l(_printf_intcommon.o)
    0x08000b68   0x08000b68   0x0000041e   Code   RO         5081    .text               c_w.l(_printf_fp_dec.o)
    0x08000f86   0x08000f86   0x00000002   PAD
    0x08000f88   0x08000f88   0x000002fc   Code   RO         5083    .text               c_w.l(_printf_fp_hex.o)
    0x08001284   0x08001284   0x0000002c   Code   RO         5088    .text               c_w.l(_printf_char.o)
    0x080012b0   0x080012b0   0x0000002c   Code   RO         5090    .text               c_w.l(_printf_wchar.o)
    0x080012dc   0x080012dc   0x00000040   Code   RO         5093    .text               c_w.l(_wcrtomb.o)
    0x0800131c   0x0800131c   0x0000004a   Code   RO         5095    .text               c_w.l(sys_stackheap_outer.o)
    0x08001366   0x08001366   0x00000002   PAD
    0x08001368   0x08001368   0x00000010   Code   RO         5097    .text               c_w.l(rt_ctype_table.o)
    0x08001378   0x08001378   0x00000008   Code   RO         5102    .text               c_w.l(rt_locale_intlibspace.o)
    0x08001380   0x08001380   0x00000080   Code   RO         5104    .text               c_w.l(_printf_fp_infnan.o)
    0x08001400   0x08001400   0x000000e4   Code   RO         5106    .text               c_w.l(bigflt0.o)
    0x080014e4   0x080014e4   0x00000012   Code   RO         5134    .text               c_w.l(exit.o)
    0x080014f6   0x080014f6   0x00000002   PAD
    0x080014f8   0x080014f8   0x00000008   Code   RO         5146    .text               c_w.l(libspace.o)
    0x08001500   0x08001500   0x00000080   Code   RO         5154    .text               c_w.l(strcmpv7m.o)
    0x08001580   0x08001580   0x0000000c   Code   RO         5212    .text               c_w.l(sys_exit.o)
    0x0800158c   0x0800158c   0x00000002   Code   RO         5223    .text               c_w.l(use_no_semi.o)
    0x0800158e   0x0800158e   0x00000000   Code   RO         5225    .text               c_w.l(indicate_semi.o)
    0x0800158e   0x0800158e   0x0000003e   Code   RO         5109    CL$$btod_d2e        c_w.l(btod.o)
    0x080015cc   0x080015cc   0x00000046   Code   RO         5111    CL$$btod_d2e_denorm_low  c_w.l(btod.o)
    0x08001612   0x08001612   0x00000060   Code   RO         5110    CL$$btod_d2e_norm_op1  c_w.l(btod.o)
    0x08001672   0x08001672   0x00000338   Code   RO         5119    CL$$btod_div_common  c_w.l(btod.o)
    0x080019aa   0x080019aa   0x000000dc   Code   RO         5116    CL$$btod_e2e        c_w.l(btod.o)
    0x08001a86   0x08001a86   0x0000002a   Code   RO         5113    CL$$btod_ediv       c_w.l(btod.o)
    0x08001ab0   0x08001ab0   0x0000002a   Code   RO         5112    CL$$btod_emul       c_w.l(btod.o)
    0x08001ada   0x08001ada   0x00000244   Code   RO         5118    CL$$btod_mult_common  c_w.l(btod.o)
    0x08001d1e   0x08001d1e   0x00000004   Code   RO          432    i.BusFault_Handler  stm32f1xx_it.o
    0x08001d22   0x08001d22   0x00000002   PAD
    0x08001d24   0x08001d24   0x00000010   Code   RO          433    i.DMA1_Channel2_IRQHandler  stm32f1xx_it.o
    0x08001d34   0x08001d34   0x00000010   Code   RO          434    i.DMA1_Channel3_IRQHandler  stm32f1xx_it.o
    0x08001d44   0x08001d44   0x00000030   Code   RO          435    i.DMA1_Channel4_IRQHandler  stm32f1xx_it.o
    0x08001d74   0x08001d74   0x00000030   Code   RO          436    i.DMA1_Channel5_IRQHandler  stm32f1xx_it.o
    0x08001da4   0x08001da4   0x0000002c   Code   RO          987    i.DMA_SetConfig     stm32f1xx_hal_dma.o
    0x08001dd0   0x08001dd0   0x00000002   Code   RO          437    i.DebugMon_Handler  stm32f1xx_it.o
    0x08001dd2   0x08001dd2   0x00000006   Code   RO           13    i.Error_Handler     main.o
    0x08001dd8   0x08001dd8   0x00000056   Code   RO          988    i.HAL_DMA_Abort     stm32f1xx_hal_dma.o
    0x08001e2e   0x08001e2e   0x00000002   PAD
    0x08001e30   0x08001e30   0x000000b0   Code   RO          989    i.HAL_DMA_Abort_IT  stm32f1xx_hal_dma.o
    0x08001ee0   0x08001ee0   0x0000019c   Code   RO          993    i.HAL_DMA_IRQHandler  stm32f1xx_hal_dma.o
    0x0800207c   0x0800207c   0x00000068   Code   RO          994    i.HAL_DMA_Init      stm32f1xx_hal_dma.o
    0x080020e4   0x080020e4   0x0000009c   Code   RO          998    i.HAL_DMA_Start_IT  stm32f1xx_hal_dma.o
    0x08002180   0x08002180   0x00000320   Code   RO          924    i.HAL_GPIO_Init     stm32f1xx_hal_gpio.o
    0x080024a0   0x080024a0   0x00000014   Code   RO          927    i.HAL_GPIO_TogglePin  stm32f1xx_hal_gpio.o
    0x080024b4   0x080024b4   0x0000000c   Code   RO          928    i.HAL_GPIO_WritePin  stm32f1xx_hal_gpio.o
    0x080024c0   0x080024c0   0x0000000c   Code   RO          615    i.HAL_GetTick       stm32f1xx_hal.o
    0x080024cc   0x080024cc   0x00000028   Code   RO          622    i.HAL_Init          stm32f1xx_hal.o
    0x080024f4   0x080024f4   0x0000004c   Code   RO          623    i.HAL_InitTick      stm32f1xx_hal.o
    0x08002540   0x08002540   0x00000060   Code   RO          544    i.HAL_MspInit       stm32f1xx_hal_msp.o
    0x080025a0   0x080025a0   0x00000020   Code   RO         1084    i.HAL_NVIC_EnableIRQ  stm32f1xx_hal_cortex.o
    0x080025c0   0x080025c0   0x0000007c   Code   RO         1090    i.HAL_NVIC_SetPriority  stm32f1xx_hal_cortex.o
    0x0800263c   0x0800263c   0x00000028   Code   RO         1091    i.HAL_NVIC_SetPriorityGrouping  stm32f1xx_hal_cortex.o
    0x08002664   0x08002664   0x0000018c   Code   RO          779    i.HAL_RCC_ClockConfig  stm32f1xx_hal_rcc.o
    0x080027f0   0x080027f0   0x0000000c   Code   RO          784    i.HAL_RCC_GetHCLKFreq  stm32f1xx_hal_rcc.o
    0x080027fc   0x080027fc   0x00000020   Code   RO          786    i.HAL_RCC_GetPCLK1Freq  stm32f1xx_hal_rcc.o
    0x0800281c   0x0800281c   0x00000020   Code   RO          787    i.HAL_RCC_GetPCLK2Freq  stm32f1xx_hal_rcc.o
    0x0800283c   0x0800283c   0x00000094   Code   RO          788    i.HAL_RCC_GetSysClockFreq  stm32f1xx_hal_rcc.o
    0x080028d0   0x080028d0   0x00000464   Code   RO          791    i.HAL_RCC_OscConfig  stm32f1xx_hal_rcc.o
    0x08002d34   0x08002d34   0x00000034   Code   RO         1095    i.HAL_SYSTICK_Config  stm32f1xx_hal_cortex.o
    0x08002d68   0x08002d68   0x00000084   Code   RO         2346    i.HAL_TIMEx_MasterConfigSynchronization  stm32f1xx_hal_tim_ex.o
    0x08002dec   0x08002dec   0x00000066   Code   RO         1612    i.HAL_TIM_Base_Init  stm32f1xx_hal_tim.o
    0x08002e52   0x08002e52   0x00000002   PAD
    0x08002e54   0x08002e54   0x0000007c   Code   RO          325    i.HAL_TIM_Base_MspInit  tim.o
    0x08002ed0   0x08002ed0   0x00000108   Code   RO         1621    i.HAL_TIM_ConfigClockSource  stm32f1xx_hal_tim.o
    0x08002fd8   0x08002fd8   0x000000f8   Code   RO          326    i.HAL_TIM_MspPostInit  tim.o
    0x080030d0   0x080030d0   0x000000fc   Code   RO         1684    i.HAL_TIM_PWM_ConfigChannel  stm32f1xx_hal_tim.o
    0x080031cc   0x080031cc   0x00000066   Code   RO         1687    i.HAL_TIM_PWM_Init  stm32f1xx_hal_tim.o
    0x08003232   0x08003232   0x00000002   Code   RO         1689    i.HAL_TIM_PWM_MspInit  stm32f1xx_hal_tim.o
    0x08003234   0x08003234   0x000000d4   Code   RO         1692    i.HAL_TIM_PWM_Start  stm32f1xx_hal_tim.o
    0x08003308   0x08003308   0x00000072   Code   RO         2603    i.HAL_UARTEx_ReceiveToIdle_DMA  stm32f1xx_hal_uart.o
    0x0800337a   0x0800337a   0x00000002   PAD
    0x0800337c   0x0800337c   0x0000005c   Code   RO         4710    i.HAL_UARTEx_RxEventCallback  uart.o
    0x080033d8   0x080033d8   0x00000002   Code   RO         2619    i.HAL_UART_ErrorCallback  stm32f1xx_hal_uart.o
    0x080033da   0x080033da   0x00000002   PAD
    0x080033dc   0x080033dc   0x0000024c   Code   RO         2622    i.HAL_UART_IRQHandler  stm32f1xx_hal_uart.o
    0x08003628   0x08003628   0x00000072   Code   RO         2623    i.HAL_UART_Init     stm32f1xx_hal_uart.o
    0x0800369a   0x0800369a   0x00000002   PAD
    0x0800369c   0x0800369c   0x0000020c   Code   RO          385    i.HAL_UART_MspInit  usart.o
    0x080038a8   0x080038a8   0x00000002   Code   RO         2629    i.HAL_UART_RxCpltCallback  stm32f1xx_hal_uart.o
    0x080038aa   0x080038aa   0x00000002   Code   RO         2630    i.HAL_UART_RxHalfCpltCallback  stm32f1xx_hal_uart.o
    0x080038ac   0x080038ac   0x0000009c   Code   RO         2632    i.HAL_UART_Transmit_DMA  stm32f1xx_hal_uart.o
    0x08003948   0x08003948   0x00000002   Code   RO         2634    i.HAL_UART_TxCpltCallback  stm32f1xx_hal_uart.o
    0x0800394a   0x0800394a   0x00000002   Code   RO         2635    i.HAL_UART_TxHalfCpltCallback  stm32f1xx_hal_uart.o
    0x0800394c   0x0800394c   0x00000004   Code   RO          438    i.HardFault_Handler  stm32f1xx_it.o
    0x08003950   0x08003950   0x00000014   Code   RO          208    i.LED_Timer0_Callback  freertos.o
    0x08003964   0x08003964   0x00000064   Code   RO          300    i.MX_DMA_Init       dma.o
    0x080039c8   0x080039c8   0x000000e4   Code   RO          209    i.MX_FREERTOS_Init  freertos.o
    0x08003aac   0x08003aac   0x000000a8   Code   RO          184    i.MX_GPIO_Init      gpio.o
    0x08003b54   0x08003b54   0x000000a4   Code   RO          327    i.MX_TIM2_Init      tim.o
    0x08003bf8   0x08003bf8   0x000000a4   Code   RO          328    i.MX_TIM3_Init      tim.o
    0x08003c9c   0x08003c9c   0x000000d4   Code   RO          329    i.MX_TIM4_Init      tim.o
    0x08003d70   0x08003d70   0x00000038   Code   RO          386    i.MX_USART1_UART_Init  usart.o
    0x08003da8   0x08003da8   0x00000038   Code   RO          387    i.MX_USART3_UART_Init  usart.o
    0x08003de0   0x08003de0   0x00000004   Code   RO          439    i.MemManage_Handler  stm32f1xx_it.o
    0x08003de4   0x08003de4   0x00000004   Code   RO          440    i.NMI_Handler       stm32f1xx_it.o
    0x08003de8   0x08003de8   0x00000028   Code   RO          792    i.RCC_Delay         stm32f1xx_hal_rcc.o
    0x08003e10   0x08003e10   0x00000020   Code   RO         4864    i.Servo_Base_Control_0  servo.o
    0x08003e30   0x08003e30   0x00000020   Code   RO         4859    i.Servo_Base_Control_1  servo.o
    0x08003e50   0x08003e50   0x00000020   Code   RO         4854    i.Servo_Base_Control_2  servo.o
    0x08003e70   0x08003e70   0x00000020   Code   RO         4849    i.Servo_Base_Control_3  servo.o
    0x08003e90   0x08003e90   0x00000020   Code   RO         4844    i.Servo_Base_Control_4  servo.o
    0x08003eb0   0x08003eb0   0x00000020   Code   RO         4839    i.Servo_Base_Control_5  servo.o
    0x08003ed0   0x08003ed0   0x0000002a   Code   RO         4779    i.Servo_Control     servo.o
    0x08003efa   0x08003efa   0x00000002   PAD
    0x08003efc   0x08003efc   0x00000094   Code   RO         4780    i.Servo_Getdata     servo.o
    0x08003f90   0x08003f90   0x00000090   Code   RO         4781    i.Servo_Init        servo.o
    0x08004020   0x08004020   0x00000048   Code   RO         4782    i.Servo_SingleControl  servo.o
    0x08004068   0x08004068   0x00000084   Code   RO         4660    i.Servo_Task_Fun    app.o
    0x080040ec   0x080040ec   0x0000006c   Code   RO         4661    i.Servo_data_upload_Fun  app.o
    0x08004158   0x08004158   0x0000001c   Code   RO          212    i.StartDefaultTask  freertos.o
    0x08004174   0x08004174   0x00000010   Code   RO          441    i.SysTick_Handler   stm32f1xx_it.o
    0x08004184   0x08004184   0x00000066   Code   RO           14    i.SystemClock_Config  main.o
    0x080041ea   0x080041ea   0x00000002   Code   RO         2962    i.SystemInit        system_stm32f1xx.o
    0x080041ec   0x080041ec   0x00000074   Code   RO         1705    i.TIM_Base_SetConfig  stm32f1xx_hal_tim.o
    0x08004260   0x08004260   0x00000022   Code   RO         1706    i.TIM_CCxChannelCmd  stm32f1xx_hal_tim.o
    0x08004282   0x08004282   0x00000016   Code   RO         1716    i.TIM_ETR_SetConfig  stm32f1xx_hal_tim.o
    0x08004298   0x08004298   0x00000012   Code   RO         1717    i.TIM_ITRx_SetConfig  stm32f1xx_hal_tim.o
    0x080042aa   0x080042aa   0x00000002   PAD
    0x080042ac   0x080042ac   0x00000060   Code   RO         1718    i.TIM_OC1_SetConfig  stm32f1xx_hal_tim.o
    0x0800430c   0x0800430c   0x00000068   Code   RO         1719    i.TIM_OC2_SetConfig  stm32f1xx_hal_tim.o
    0x08004374   0x08004374   0x00000068   Code   RO         1720    i.TIM_OC3_SetConfig  stm32f1xx_hal_tim.o
    0x080043dc   0x080043dc   0x00000048   Code   RO         1721    i.TIM_OC4_SetConfig  stm32f1xx_hal_tim.o
    0x08004424   0x08004424   0x00000026   Code   RO         1723    i.TIM_TI1_ConfigInputStage  stm32f1xx_hal_tim.o
    0x0800444a   0x0800444a   0x00000028   Code   RO         1725    i.TIM_TI2_ConfigInputStage  stm32f1xx_hal_tim.o
    0x08004472   0x08004472   0x00000016   Code   RO         4097    i.TimerCallback     cmsis_os2.o
    0x08004488   0x08004488   0x00000018   Code   RO         4711    i.UART1_Start_Receive  uart.o
    0x080044a0   0x080044a0   0x00000018   Code   RO         4712    i.UART3_Start_Receive  uart.o
    0x080044b8   0x080044b8   0x00000014   Code   RO         2636    i.UART_DMAAbortOnError  stm32f1xx_hal_uart.o
    0x080044cc   0x080044cc   0x00000050   Code   RO         2637    i.UART_DMAError     stm32f1xx_hal_uart.o
    0x0800451c   0x0800451c   0x00000068   Code   RO         2638    i.UART_DMAReceiveCplt  stm32f1xx_hal_uart.o
    0x08004584   0x08004584   0x00000020   Code   RO         2640    i.UART_DMARxHalfCplt  stm32f1xx_hal_uart.o
    0x080045a4   0x080045a4   0x00000036   Code   RO         2642    i.UART_DMATransmitCplt  stm32f1xx_hal_uart.o
    0x080045da   0x080045da   0x0000000e   Code   RO         2644    i.UART_DMATxHalfCplt  stm32f1xx_hal_uart.o
    0x080045e8   0x080045e8   0x00000036   Code   RO         2646    i.UART_EndRxTransfer  stm32f1xx_hal_uart.o
    0x0800461e   0x0800461e   0x00000020   Code   RO         2647    i.UART_EndTransmit_IT  stm32f1xx_hal_uart.o
    0x0800463e   0x0800463e   0x00000014   Code   RO         2648    i.UART_EndTxTransfer  stm32f1xx_hal_uart.o
    0x08004652   0x08004652   0x000000e4   Code   RO         2649    i.UART_Receive_IT   stm32f1xx_hal_uart.o
    0x08004736   0x08004736   0x00000002   PAD
    0x08004738   0x08004738   0x000000fc   Code   RO         2650    i.UART_SetConfig    stm32f1xx_hal_uart.o
    0x08004834   0x08004834   0x00000098   Code   RO         2651    i.UART_Start_Receive_DMA  stm32f1xx_hal_uart.o
    0x080048cc   0x080048cc   0x00000060   Code   RO         2653    i.UART_Transmit_IT  stm32f1xx_hal_uart.o
    0x0800492c   0x0800492c   0x00000030   Code   RO          442    i.USART1_IRQHandler  stm32f1xx_it.o
    0x0800495c   0x0800495c   0x00000188   Code   RO         4662    i.USART1_RX_Task_Fun  app.o
    0x08004ae4   0x08004ae4   0x00000030   Code   RO          443    i.USART3_IRQHandler  stm32f1xx_it.o
    0x08004b14   0x08004b14   0x00000004   Code   RO          444    i.UsageFault_Handler  stm32f1xx_it.o
    0x08004b18   0x08004b18   0x00000028   Code   RO         5144    i.__ARM_fpclassify  m_ws.l(fpclassify.o)
    0x08004b40   0x08004b40   0x00000010   Code   RO         1097    i.__NVIC_GetPriorityGrouping  stm32f1xx_hal_cortex.o
    0x08004b50   0x08004b50   0x00000028   Code   RO         1098    i.__NVIC_SetPriority  stm32f1xx_hal_cortex.o
    0x08004b78   0x08004b78   0x00000006   Code   RO         4098    i.__get_BASEPRI     cmsis_os2.o
    0x08004b7e   0x08004b7e   0x00000006   Code   RO         4099    i.__get_IPSR        cmsis_os2.o
    0x08004b84   0x08004b84   0x00000006   Code   RO         4100    i.__get_PRIMASK     cmsis_os2.o
    0x08004b8a   0x08004b8a   0x0000000e   Code   RO         5008    i._is_digit         c_w.l(__printf_wp.o)
    0x08004b98   0x08004b98   0x00000056   Code   RO         4713    i.cheak_sum         uart.o
    0x08004bee   0x08004bee   0x00000002   PAD
    0x08004bf0   0x08004bf0   0x0000003c   Code   RO         4783    i.convertToAngle    servo.o
    0x08004c2c   0x08004c2c   0x0000003c   Code   RO         4784    i.convertToAngle180  servo.o
    0x08004c68   0x08004c68   0x0000006c   Code   RO         4785    i.convertToPulseTime  servo.o
    0x08004cd4   0x08004cd4   0x00000048   Code   RO         4786    i.convertToPulseTime180  servo.o
    0x08004d1c   0x08004d1c   0x00000050   Code   RO           15    i.main              main.o
    0x08004d6c   0x08004d6c   0x00000038   Code   RO         4101    i.osDelay           cmsis_os2.o
    0x08004da4   0x08004da4   0x00000040   Code   RO         4115    i.osKernelInitialize  cmsis_os2.o
    0x08004de4   0x08004de4   0x00000044   Code   RO         4118    i.osKernelStart     cmsis_os2.o
    0x08004e28   0x08004e28   0x00000098   Code   RO         4121    i.osMessageQueueGet  cmsis_os2.o
    0x08004ec0   0x08004ec0   0x000000b8   Code   RO         4126    i.osMessageQueueNew  cmsis_os2.o
    0x08004f78   0x08004f78   0x0000009c   Code   RO         4127    i.osMessageQueuePut  cmsis_os2.o
    0x08005014   0x08005014   0x00000084   Code   RO         4134    i.osSemaphoreAcquire  cmsis_os2.o
    0x08005098   0x08005098   0x000000ec   Code   RO         4137    i.osSemaphoreNew    cmsis_os2.o
    0x08005184   0x08005184   0x00000074   Code   RO         4138    i.osSemaphoreRelease  cmsis_os2.o
    0x080051f8   0x080051f8   0x000000dc   Code   RO         4152    i.osThreadNew       cmsis_os2.o
    0x080052d4   0x080052d4   0x000000cc   Code   RO         4161    i.osTimerNew        cmsis_os2.o
    0x080053a0   0x080053a0   0x00000054   Code   RO         4162    i.osTimerStart      cmsis_os2.o
    0x080053f4   0x080053f4   0x0000007c   Code   RO         3573    i.prvAddCurrentTaskToDelayedList  tasks.o
    0x08005470   0x08005470   0x000000b8   Code   RO         3574    i.prvAddNewTaskToReadyList  tasks.o
    0x08005528   0x08005528   0x00000074   Code   RO         3934    i.prvCheckForValidListAndQueue  timers.o
    0x0800559c   0x0800559c   0x00000048   Code   RO         3575    i.prvCheckTasksWaitingTermination  tasks.o
    0x080055e4   0x080055e4   0x0000002a   Code   RO         3166    i.prvCopyDataFromQueue  queue.o
    0x0800560e   0x0800560e   0x0000007c   Code   RO         3167    i.prvCopyDataToQueue  queue.o
    0x0800568a   0x0800568a   0x00000050   Code   RO         3576    i.prvDeleteTCB      tasks.o
    0x080056da   0x080056da   0x00000014   Code   RO         3168    i.prvGetDisinheritPriorityAfterTimeout  queue.o
    0x080056ee   0x080056ee   0x00000002   PAD
    0x080056f0   0x080056f0   0x00000028   Code   RO         3935    i.prvGetNextExpireTime  timers.o
    0x08005718   0x08005718   0x0000007c   Code   RO         4531    i.prvHeapInit       heap_4.o
    0x08005794   0x08005794   0x00000028   Code   RO         3577    i.prvIdleTask       tasks.o
    0x080057bc   0x080057bc   0x0000002a   Code   RO         3170    i.prvInitialiseNewQueue  queue.o
    0x080057e6   0x080057e6   0x000000b4   Code   RO         3578    i.prvInitialiseNewTask  tasks.o
    0x0800589a   0x0800589a   0x0000004e   Code   RO         3936    i.prvInitialiseNewTimer  timers.o
    0x080058e8   0x080058e8   0x00000068   Code   RO         3579    i.prvInitialiseTaskLists  tasks.o
    0x08005950   0x08005950   0x00000068   Code   RO         4532    i.prvInsertBlockIntoFreeList  heap_4.o
    0x080059b8   0x080059b8   0x00000058   Code   RO         3937    i.prvInsertTimerInActiveList  timers.o
    0x08005a10   0x08005a10   0x0000001a   Code   RO         3171    i.prvIsQueueEmpty   queue.o
    0x08005a2a   0x08005a2a   0x0000001e   Code   RO         3172    i.prvIsQueueFull    queue.o
    0x08005a48   0x08005a48   0x00000064   Code   RO         3938    i.prvProcessExpiredTimer  timers.o
    0x08005aac   0x08005aac   0x00000128   Code   RO         3939    i.prvProcessReceivedCommands  timers.o
    0x08005bd4   0x08005bd4   0x00000074   Code   RO         3940    i.prvProcessTimerOrBlockTask  timers.o
    0x08005c48   0x08005c48   0x00000034   Code   RO         3581    i.prvResetNextTaskUnblockTime  tasks.o
    0x08005c7c   0x08005c7c   0x0000002c   Code   RO         3941    i.prvSampleTimeNow  timers.o
    0x08005ca8   0x08005ca8   0x000000a0   Code   RO         3942    i.prvSwitchTimerLists  timers.o
    0x08005d48   0x08005d48   0x00000040   Code   RO         4581    i.prvTaskExitError  port.o
    0x08005d88   0x08005d88   0x0000001a   Code   RO         3943    i.prvTimerTask      timers.o
    0x08005da2   0x08005da2   0x0000007e   Code   RO         3173    i.prvUnlockQueue    queue.o
    0x08005e20   0x08005e20   0x0000013c   Code   RO         4533    i.pvPortMalloc      heap_4.o
    0x08005f5c   0x08005f5c   0x00000020   Code   RO         3584    i.pvTaskIncrementMutexHeldCount  tasks.o
    0x08005f7c   0x08005f7c   0x0000002c   Code   RO         3944    i.pvTimerGetTimerID  timers.o
    0x08005fa8   0x08005fa8   0x00000024   Code   RO         4582    i.pxPortInitialiseStack  port.o
    0x08005fcc   0x08005fcc   0x00000144   Code   RO         4663    i.servoRotateTask_Fun  app.o
    0x08006110   0x08006110   0x0000003e   Code   RO         4714    i.uart_printf       uart.o
    0x0800614e   0x0800614e   0x00000002   PAD
    0x08006150   0x08006150   0x00000044   Code   RO         4715    i.upload            uart.o
    0x08006194   0x08006194   0x00000028   Code   RO         3126    i.uxListRemove      list.o
    0x080061bc   0x080061bc   0x00000018   Code   RO         4164    i.vApplicationGetIdleTaskMemory  cmsis_os2.o
    0x080061d4   0x080061d4   0x00000018   Code   RO         4165    i.vApplicationGetTimerTaskMemory  cmsis_os2.o
    0x080061ec   0x080061ec   0x0000001a   Code   RO         3127    i.vListInitialise   list.o
    0x08006206   0x08006206   0x00000006   Code   RO         3128    i.vListInitialiseItem  list.o
    0x0800620c   0x0800620c   0x00000034   Code   RO         3129    i.vListInsert       list.o
    0x08006240   0x08006240   0x00000018   Code   RO         3130    i.vListInsertEnd    list.o
    0x08006258   0x08006258   0x00000054   Code   RO         4584    i.vPortEnterCritical  port.o
    0x080062ac   0x080062ac   0x0000003c   Code   RO         4585    i.vPortExitCritical  port.o
    0x080062e8   0x080062e8   0x00000094   Code   RO         4534    i.vPortFree         heap_4.o
    0x0800637c   0x0800637c   0x00000028   Code   RO         4586    i.vPortSetupTimerInterrupt  port.o
    0x080063a4   0x080063a4   0x00000078   Code   RO         4587    i.vPortValidateInterruptPriority  port.o
    0x0800641c   0x0800641c   0x0000002c   Code   RO         3179    i.vQueueAddToRegistry  queue.o
    0x08006448   0x08006448   0x00000032   Code   RO         3180    i.vQueueDelete      queue.o
    0x0800647a   0x0800647a   0x00000002   PAD
    0x0800647c   0x0800647c   0x00000030   Code   RO         3182    i.vQueueUnregisterQueue  queue.o
    0x080064ac   0x080064ac   0x0000004a   Code   RO         3183    i.vQueueWaitForMessageRestricted  queue.o
    0x080064f6   0x080064f6   0x00000002   PAD
    0x080064f8   0x080064f8   0x0000005c   Code   RO         3593    i.vTaskDelay        tasks.o
    0x08006554   0x08006554   0x00000018   Code   RO         3598    i.vTaskInternalSetTimeOutState  tasks.o
    0x0800656c   0x0800656c   0x0000000c   Code   RO         3599    i.vTaskMissedYield  tasks.o
    0x08006578   0x08006578   0x00000038   Code   RO         3601    i.vTaskPlaceOnEventList  tasks.o
    0x080065b0   0x080065b0   0x00000040   Code   RO         3602    i.vTaskPlaceOnEventListRestricted  tasks.o
    0x080065f0   0x080065f0   0x000000d0   Code   RO         3604    i.vTaskPriorityDisinheritAfterTimeout  tasks.o
    0x080066c0   0x080066c0   0x000000b8   Code   RO         3610    i.vTaskStartScheduler  tasks.o
    0x08006778   0x08006778   0x00000010   Code   RO         3612    i.vTaskSuspendAll   tasks.o
    0x08006788   0x08006788   0x00000090   Code   RO         3613    i.vTaskSwitchContext  tasks.o
    0x08006818   0x08006818   0x000000f8   Code   RO         4588    i.xPortStartScheduler  port.o
    0x08006910   0x08006910   0x00000034   Code   RO         4589    i.xPortSysTickHandler  port.o
    0x08006944   0x08006944   0x0000005c   Code   RO         3184    i.xQueueCreateCountingSemaphore  queue.o
    0x080069a0   0x080069a0   0x00000064   Code   RO         3185    i.xQueueCreateCountingSemaphoreStatic  queue.o
    0x08006a04   0x08006a04   0x0000005e   Code   RO         3188    i.xQueueGenericCreate  queue.o
    0x08006a62   0x08006a62   0x000000de   Code   RO         3189    i.xQueueGenericCreateStatic  queue.o
    0x08006b40   0x08006b40   0x00000098   Code   RO         3190    i.xQueueGenericReset  queue.o
    0x08006bd8   0x08006bd8   0x000001a8   Code   RO         3191    i.xQueueGenericSend  queue.o
    0x08006d80   0x08006d80   0x000000f8   Code   RO         3192    i.xQueueGenericSendFromISR  queue.o
    0x08006e78   0x08006e78   0x000000e0   Code   RO         3195    i.xQueueGiveFromISR  queue.o
    0x08006f58   0x08006f58   0x00000168   Code   RO         3201    i.xQueueReceive     queue.o
    0x080070c0   0x080070c0   0x000000ca   Code   RO         3202    i.xQueueReceiveFromISR  queue.o
    0x0800718a   0x0800718a   0x00000002   PAD
    0x0800718c   0x0800718c   0x000001b8   Code   RO         3203    i.xQueueSemaphoreTake  queue.o
    0x08007344   0x08007344   0x0000008c   Code   RO         3614    i.xTaskCheckForTimeOut  tasks.o
    0x080073d0   0x080073d0   0x00000064   Code   RO         3615    i.xTaskCreate       tasks.o
    0x08007434   0x08007434   0x000000b8   Code   RO         3616    i.xTaskCreateStatic  tasks.o
    0x080074ec   0x080074ec   0x00000020   Code   RO         3620    i.xTaskGetSchedulerState  tasks.o
    0x0800750c   0x0800750c   0x0000000c   Code   RO         3621    i.xTaskGetTickCount  tasks.o
    0x08007518   0x08007518   0x00000144   Code   RO         3623    i.xTaskIncrementTick  tasks.o
    0x0800765c   0x0800765c   0x000000a4   Code   RO         3626    i.xTaskPriorityDisinherit  tasks.o
    0x08007700   0x08007700   0x000000a4   Code   RO         3627    i.xTaskPriorityInherit  tasks.o
    0x080077a4   0x080077a4   0x00000098   Code   RO         3628    i.xTaskRemoveFromEventList  tasks.o
    0x0800783c   0x0800783c   0x00000104   Code   RO         3629    i.xTaskResumeAll    tasks.o
    0x08007940   0x08007940   0x00000036   Code   RO         3948    i.xTimerCreate      timers.o
    0x08007976   0x08007976   0x00000070   Code   RO         3949    i.xTimerCreateStatic  timers.o
    0x080079e6   0x080079e6   0x00000002   PAD
    0x080079e8   0x080079e8   0x00000078   Code   RO         3950    i.xTimerCreateTimerTask  timers.o
    0x08007a60   0x08007a60   0x00000084   Code   RO         3951    i.xTimerGenericCommand  timers.o
    0x08007ae4   0x08007ae4   0x0000002c   Code   RO         5132    locale$$code        c_w.l(lc_numeric_c.o)
    0x08007b10   0x08007b10   0x0000002c   Code   RO         5152    locale$$code        c_w.l(lc_ctype_c.o)
    0x08007b3c   0x08007b3c   0x00000150   Code   RO         4915    x$fpl$dadd          fz_ws.l(daddsub_clz.o)
    0x08007c8c   0x08007c8c   0x000002b0   Code   RO         4922    x$fpl$ddiv          fz_ws.l(ddiv.o)
    0x08007f3c   0x08007f3c   0x0000005a   Code   RO         4925    x$fpl$dfixu         fz_ws.l(dfixu.o)
    0x08007f96   0x08007f96   0x0000002e   Code   RO         4930    x$fpl$dflt          fz_ws.l(dflt_clz.o)
    0x08007fc4   0x08007fc4   0x00000154   Code   RO         4935    x$fpl$dmul          fz_ws.l(dmul.o)
    0x08008118   0x08008118   0x0000009c   Code   RO         5045    x$fpl$dnaninf       fz_ws.l(dnaninf.o)
    0x080081b4   0x080081b4   0x0000000c   Code   RO         5047    x$fpl$dretinf       fz_ws.l(dretinf.o)
    0x080081c0   0x080081c0   0x000001d4   Code   RO         4917    x$fpl$dsub          fz_ws.l(daddsub_clz.o)
    0x08008394   0x08008394   0x00000056   Code   RO         4937    x$fpl$f2d           fz_ws.l(f2d.o)
    0x080083ea   0x080083ea   0x00000018   Code   RO         5049    x$fpl$fcmpinf       fz_ws.l(fcmpi.o)
    0x08008402   0x08008402   0x00000002   PAD
    0x08008404   0x08008404   0x00000026   Code   RO         4939    x$fpl$ffltu         fz_ws.l(fflt_clz.o)
    0x0800842a   0x0800842a   0x00000002   PAD
    0x0800842c   0x0800842c   0x00000068   Code   RO         4945    x$fpl$fleqf         fz_ws.l(fleqf.o)
    0x08008494   0x08008494   0x0000008c   Code   RO         5051    x$fpl$fnaninf       fz_ws.l(fnaninf.o)
    0x08008520   0x08008520   0x00000062   Code   RO         4947    x$fpl$frleqf        fz_ws.l(frleqf.o)
    0x08008582   0x08008582   0x00000004   Code   RO         5053    x$fpl$printf1       fz_ws.l(printf1.o)
    0x08008586   0x08008586   0x00000004   Code   RO         5055    x$fpl$printf2       fz_ws.l(printf2.o)
    0x0800858a   0x0800858a   0x00000000   Code   RO         5061    x$fpl$usenofp       fz_ws.l(usenofp.o)
    0x0800858a   0x0800858a   0x00000002   PAD
    0x0800858c   0x0800858c   0x000000fc   Data   RO          215    .constdata          freertos.o
    0x08008688   0x08008688   0x00000018   Data   RO         2963    .constdata          system_stm32f1xx.o
    0x080086a0   0x080086a0   0x00000008   Data   RO         4967    .constdata          c_w.l(_printf_wctomb.o)
    0x080086a8   0x080086a8   0x00000028   Data   RO         4996    .constdata          c_w.l(_printf_hex_int_ll_ptr.o)
    0x080086d0   0x080086d0   0x00000011   Data   RO         5016    .constdata          c_w.l(__printf_flags_ss_wp.o)
    0x080086e1   0x080086e1   0x00000026   Data   RO         5084    .constdata          c_w.l(_printf_fp_hex.o)
    0x08008707   0x08008707   0x00000001   PAD
    0x08008708   0x08008708   0x00000094   Data   RO         5107    .constdata          c_w.l(bigflt0.o)
    0x0800879c   0x0800879c   0x00000084   Data   RO          216    .conststring        freertos.o
    0x08008820   0x08008820   0x00000020   Data   RO         5280    Region$$Table       anon$$obj.o
    0x08008840   0x08008840   0x0000001c   Data   RO         5131    locale$$data        c_w.l(lc_numeric_c.o)
    0x0800885c   0x0800885c   0x00000110   Data   RO         5151    locale$$data        c_w.l(lc_ctype_c.o)


    Execution Region RW_IRAM1 (Exec base: 0x20000000, Load base: 0x0800896c, Size: 0x00003180, Max: 0x00005000, ABSOLUTE)

    Exec Addr    Load Addr    Size         Type   Attr      Idx    E Section Name        Object

    0x20000000   0x0800896c   0x00000024   Data   RW          217    .data               freertos.o
    0x20000024   0x08008990   0x00000009   Data   RW          629    .data               stm32f1xx_hal.o
    0x2000002d   0x08008999   0x00000003   PAD
    0x20000030   0x0800899c   0x00000004   Data   RW         2964    .data               system_stm32f1xx.o
    0x20000034   0x080089a0   0x0000003c   Data   RW         3632    .data               tasks.o
    0x20000070   0x080089dc   0x00000014   Data   RW         3959    .data               timers.o
    0x20000084   0x080089f0   0x00000004   Data   RW         4167    .data               cmsis_os2.o
    0x20000088   0x080089f4   0x00000018   Data   RW         4539    .data               heap_4.o
    0x200000a0   0x08008a0c   0x0000000c   Data   RW         4590    .data               port.o
    0x200000ac   0x08008a18   0x00000008   Data   RW         4665    .data               app.o
    0x200000b4   0x08008a20   0x00000001   Data   RW         4717    .data               uart.o
    0x200000b5   0x08008a21   0x00000003   PAD
    0x200000b8        -       0x000000d8   Zero   RW          330    .bss                tim.o
    0x20000190        -       0x00000198   Zero   RW          388    .bss                usart.o
    0x20000328        -       0x00000040   Zero   RW         3205    .bss                queue.o
    0x20000368        -       0x000004c4   Zero   RW         3631    .bss                tasks.o
    0x2000082c        -       0x00000118   Zero   RW         3958    .bss                timers.o
    0x20000944        -       0x000006b8   Zero   RW         4166    .bss                cmsis_os2.o
    0x20000ffc        -       0x00001400   Zero   RW         4538    .bss                heap_4.o
    0x200023fc        -       0x00000018   Zero   RW         4664    .bss                app.o
    0x20002414        -       0x00000108   Zero   RW         4716    .bss                uart.o
    0x2000251c        -       0x00000060   Zero   RW         5147    .bss                c_w.l(libspace.o)
    0x2000257c   0x08008a21   0x00000004   PAD
    0x20002580        -       0x00000400   Zero   RW            2    HEAP                startup_stm32f103xb.o
    0x20002980        -       0x00000800   Zero   RW            1    STACK               startup_stm32f103xb.o


==============================================================================

Image component sizes


      Code (inc. data)   RO Data    RW Data    ZI Data      Debug   Object Name

       956         66          0          8         24       3857   app.o
      1760         94          0          4       1720      22149   cmsis_os2.o
       100          4          0          0          0        898   dma.o
         0          0          0          0          0      20248   event_groups.o
       276        106        384         36          0       9932   freertos.o
       168         12          0          0          0       1051   gpio.o
       692         62          0         24       5120       4839   heap_4.o
       148          0          0          0          0       3594   list.o
       188         16          0          0          0     435820   main.o
       854         78          0         12          0      11089   port.o
      3184         30          0          0         64      26348   queue.o
       898        132          0          0          0      10303   servo.o
        64         26        236          0       3072        816   startup_stm32f103xb.o
       128         24          0          9          0       4959   stm32f1xx_hal.o
       304         22          0          0          0      29483   stm32f1xx_hal_cortex.o
       978         12          0          0          0       5026   stm32f1xx_hal_dma.o
       832         34          0          0          0       3433   stm32f1xx_hal_gpio.o
        96         10          0          0          0       1030   stm32f1xx_hal_msp.o
      1784        110          0          0          0       6172   stm32f1xx_hal_rcc.o
      1578         46          0          0          0      11978   stm32f1xx_hal_tim.o
       132         14          0          0          0       1436   stm32f1xx_hal_tim_ex.o
      2120         38          0          0          0      15231   stm32f1xx_hal_uart.o
       262         36          0          0          0       9383   stm32f1xx_it.o
         0          0          0          0          0       8988   stream_buffer.o
         2          0         24          4          0       1255   system_stm32f1xx.o
      3200        380          0         60       1220      26451   tasks.o
       912         54          0          0        216       4226   tim.o
      1526        124          0         20        280      30767   timers.o
       356         56          0          1        264       5504   uart.o
       636         62          0          0        408       2811   usart.o

    ----------------------------------------------------------------------
     24168       1648        676        184      12388     719077   Object Totals
         0          0         32          0          0          0   (incl. Generated)
        34          0          0          6          0          0   (incl. Padding)

    ----------------------------------------------------------------------

      Code (inc. data)   RO Data    RW Data    ZI Data      Debug   Library Member Name

         8          0          0          0          0         68   __main.o
       392          4         17          0          0         92   __printf_flags_ss_wp.o
        14          0          0          0          0         68   __printf_wp.o
         0          0          0          0          0          0   __rtentry.o
        12          0          0          0          0          0   __rtentry2.o
         6          0          0          0          0          0   __rtentry4.o
        52          8          0          0          0          0   __scatter.o
        26          0          0          0          0          0   __scatter_copy.o
        28          0          0          0          0          0   __scatter_zi.o
         6          0          0          0          0          0   _printf_a.o
         6          0          0          0          0          0   _printf_c.o
        44          0          0          0          0        108   _printf_char.o
        48          6          0          0          0         96   _printf_char_common.o
        40          0          0          0          0         68   _printf_charcount.o
         6          0          0          0          0          0   _printf_d.o
       120         16          0          0          0         92   _printf_dec.o
         6          0          0          0          0          0   _printf_e.o
         6          0          0          0          0          0   _printf_f.o
      1054          0          0          0          0        216   _printf_fp_dec.o
       764          8         38          0          0        100   _printf_fp_hex.o
       128         16          0          0          0         84   _printf_fp_infnan.o
         6          0          0          0          0          0   _printf_g.o
       148          4         40          0          0        160   _printf_hex_int_ll_ptr.o
         6          0          0          0          0          0   _printf_i.o
       178          0          0          0          0         88   _printf_intcommon.o
        10          0          0          0          0          0   _printf_l.o
         6          0          0          0          0          0   _printf_lc.o
        10          0          0          0          0          0   _printf_ll.o
         6          0          0          0          0          0   _printf_lld.o
         6          0          0          0          0          0   _printf_lli.o
         6          0          0          0          0          0   _printf_llo.o
         6          0          0          0          0          0   _printf_llu.o
         6          0          0          0          0          0   _printf_llx.o
       124         16          0          0          0         92   _printf_longlong_dec.o
         6          0          0          0          0          0   _printf_ls.o
         6          0          0          0          0          0   _printf_n.o
         6          0          0          0          0          0   _printf_o.o
       112         10          0          0          0        124   _printf_oct_int_ll.o
         6          0          0          0          0          0   _printf_p.o
        78          0          0          0          0        108   _printf_pad.o
         0          0          0          0          0          0   _printf_percent.o
         4          0          0          0          0          0   _printf_percent_end.o
         6          0          0          0          0          0   _printf_s.o
        82          0          0          0          0         80   _printf_str.o
        36          0          0          0          0         84   _printf_truncate.o
         6          0          0          0          0          0   _printf_u.o
        44          0          0          0          0        108   _printf_wchar.o
       188          6          8          0          0         92   _printf_wctomb.o
         6          0          0          0          0          0   _printf_x.o
        10          0          0          0          0         68   _sputc.o
        64          0          0          0          0         92   _wcrtomb.o
        16          0          0          0          0         68   aeabi_memset.o
       228          4        148          0          0         96   bigflt0.o
      1936        128          0          0          0        672   btod.o
        18          0          0          0          0         80   exit.o
         6          0          0          0          0        152   heapauxi.o
         0          0          0          0          0          0   indicate_semi.o
        44         10        272          0          0         76   lc_ctype_c.o
        44         10         28          0          0         76   lc_numeric_c.o
         2          0          0          0          0          0   libinit.o
        30          0          0          0          0          0   libinit2.o
         2          0          0          0          0          0   libshutdown.o
         2          0          0          0          0          0   libshutdown2.o
         8          4          0          0         96         68   libspace.o
       138          0          0          0          0         80   lludiv10.o
        16          4          0          0          0         76   rt_ctype_table.o
         8          4          0          0          0         68   rt_locale_intlibspace.o
        68          0          0          0          0         68   rt_memclr.o
        78          0          0          0          0         80   rt_memclr_w.o
       138          0          0          0          0         68   rt_memcpy_v6.o
       100          0          0          0          0         80   rt_memcpy_w.o
         2          0          0          0          0          0   rtexit.o
        10          0          0          0          0          0   rtexit2.o
       128          0          0          0          0         68   strcmpv7m.o
        12          4          0          0          0         68   sys_exit.o
        74          0          0          0          0         80   sys_stackheap_outer.o
         2          0          0          0          0         68   use_no_semi.o
        36          4          0          0          0         76   vsprintf.o
       804         16          0          0          0        272   daddsub_clz.o
       688        140          0          0          0        208   ddiv.o
        90          4          0          0          0         92   dfixu.o
        46          0          0          0          0         68   dflt_clz.o
       340         12          0          0          0        104   dmul.o
       156          4          0          0          0         92   dnaninf.o
        12          0          0          0          0         68   dretinf.o
        86          4          0          0          0         84   f2d.o
        24          0          0          0          0         68   fcmpi.o
        38          0          0          0          0         68   fflt_clz.o
       104          4          0          0          0         84   fleqf.o
       140          4          0          0          0         84   fnaninf.o
        98          0          0          0          0         68   frleqf.o
         4          0          0          0          0         68   printf1.o
         4          0          0          0          0         68   printf2.o
         0          0          0          0          0          0   usenofp.o
        40          0          0          0          0         68   fpclassify.o

    ----------------------------------------------------------------------
      9784        454        552          0        100       5820   Library Totals
        20          0          1          0          4          0   (incl. Padding)

    ----------------------------------------------------------------------

      Code (inc. data)   RO Data    RW Data    ZI Data      Debug   Library Name

      7090        266        551          0         96       4256   c_w.l
      2634        188          0          0          0       1496   fz_ws.l
        40          0          0          0          0         68   m_ws.l

    ----------------------------------------------------------------------
      9784        454        552          0        100       5820   Library Totals

    ----------------------------------------------------------------------

==============================================================================


      Code (inc. data)   RO Data    RW Data    ZI Data      Debug   

     33952       2102       1228        184      12488     710489   Grand Totals
     33952       2102       1228        184      12488     710489   ELF Image Totals
     33952       2102       1228        184          0          0   ROM Totals

==============================================================================

    Total RO  Size (Code + RO Data)                35180 (  34.36kB)
    Total RW  Size (RW Data + ZI Data)             12672 (  12.38kB)
    Total ROM Size (Code + RO Data + RW Data)      35364 (  34.54kB)

==============================================================================

